Archive member included to satisfy reference by file (symbol)

c:/program files (x86)/atmel/studio/7.0/toolchain/avr8/avr8-gnu-toolchain/bin/../lib/gcc/avr/5.4.0/avrxmega6\libgcc.a(_udivmodhi4.o)
                              src/ASF/xmega/drivers/usb/usb_device.o (__udivmodhi4)
c:/program files (x86)/atmel/studio/7.0/toolchain/avr8/avr8-gnu-toolchain/bin/../lib/gcc/avr/5.4.0/avrxmega6\libgcc.a(_udivmodsi4.o)
                              src/ASF/xmega/drivers/spi/spi.o (__udivmodsi4)
c:/program files (x86)/atmel/studio/7.0/toolchain/avr8/avr8-gnu-toolchain/bin/../lib/gcc/avr/5.4.0/avrxmega6\libgcc.a(_exit.o)
                              C:/Program Files (x86)/Atmel/Studio/7.0/Packs/atmel/XMEGAA_DFP/1.1.68/gcc/dev/atxmega256a3u/avrxmega6/crtatxmega256a3u.o (exit)
c:/program files (x86)/atmel/studio/7.0/toolchain/avr8/avr8-gnu-toolchain/bin/../lib/gcc/avr/5.4.0/avrxmega6\libgcc.a(_tablejump2.o)
                              src/ASF/xmega/drivers/usb/usb_device.o (__tablejump2__)
c:/program files (x86)/atmel/studio/7.0/toolchain/avr8/avr8-gnu-toolchain/bin/../lib/gcc/avr/5.4.0/avrxmega6\libgcc.a(_copy_data.o)
                              src/ASF/common/services/clock/xmega/sysclk.o (__do_copy_data)
c:/program files (x86)/atmel/studio/7.0/toolchain/avr8/avr8-gnu-toolchain/bin/../lib/gcc/avr/5.4.0/avrxmega6\libgcc.a(_clear_bss.o)
                              src/utils/USBUtils.o (__do_clear_bss)
c:/program files (x86)/atmel/studio/7.0/toolchain/avr8/avr8-gnu-toolchain/bin/../lib/gcc/avr/5.4.0/avrxmega6\libgcc.a(_muluhisi3.o)
                              src/drivers/ms5607-02ba03.o (__muluhisi3)
c:/program files (x86)/atmel/studio/7.0/toolchain/avr8/avr8-gnu-toolchain/bin/../lib/gcc/avr/5.4.0/avrxmega6\libgcc.a(_muldi3.o)
                              src/drivers/ms5607-02ba03.o (__muldi3)
c:/program files (x86)/atmel/studio/7.0/toolchain/avr8/avr8-gnu-toolchain/bin/../lib/gcc/avr/5.4.0/avrxmega6\libgcc.a(_muldi3_6.o)
                              c:/program files (x86)/atmel/studio/7.0/toolchain/avr8/avr8-gnu-toolchain/bin/../lib/gcc/avr/5.4.0/avrxmega6\libgcc.a(_muldi3.o) (__muldi3_6)
c:/program files (x86)/atmel/studio/7.0/toolchain/avr8/avr8-gnu-toolchain/bin/../lib/gcc/avr/5.4.0/avrxmega6\libgcc.a(_ashldi3.o)
                              src/drivers/ms5607-02ba03.o (__ashldi3)
c:/program files (x86)/atmel/studio/7.0/toolchain/avr8/avr8-gnu-toolchain/bin/../lib/gcc/avr/5.4.0/avrxmega6\libgcc.a(_ashrdi3.o)
                              src/drivers/ms5607-02ba03.o (__ashrdi3)
c:/program files (x86)/atmel/studio/7.0/toolchain/avr8/avr8-gnu-toolchain/bin/../lib/gcc/avr/5.4.0/avrxmega6\libgcc.a(_adddi3.o)
                              src/drivers/ms5607-02ba03.o (__adddi3)
c:/program files (x86)/atmel/studio/7.0/toolchain/avr8/avr8-gnu-toolchain/bin/../lib/gcc/avr/5.4.0/avrxmega6\libgcc.a(_subdi3.o)
                              src/drivers/ms5607-02ba03.o (__subdi3)
c:/program files (x86)/atmel/studio/7.0/toolchain/avr8/avr8-gnu-toolchain/bin/../lib/gcc/avr/5.4.0/avrxmega6\libgcc.a(_umulhisi3.o)
                              c:/program files (x86)/atmel/studio/7.0/toolchain/avr8/avr8-gnu-toolchain/bin/../lib/gcc/avr/5.4.0/avrxmega6\libgcc.a(_muluhisi3.o) (__umulhisi3)
c:/program files (x86)/atmel/studio/7.0/toolchain/avr8/avr8-gnu-toolchain/bin/../lib/gcc/avr/5.4.0/../../../../avr/lib/avrxmega6\libc.a(setjmp.o)
                              src/ASF/common/utils/unit_test/suite.o (setjmp)
c:/program files (x86)/atmel/studio/7.0/toolchain/avr8/avr8-gnu-toolchain/bin/../lib/gcc/avr/5.4.0/../../../../avr/lib/avrxmega6\libc.a(memcpy.o)
                              src/ASF/common/services/usb/class/cdc/device/udi_cdc.o (memcpy)
c:/program files (x86)/atmel/studio/7.0/toolchain/avr8/avr8-gnu-toolchain/bin/../lib/gcc/avr/5.4.0/../../../../avr/lib/avrxmega6\libc.a(strcmp.o)
                              src/utils/FlashMem.o (strcmp)
c:/program files (x86)/atmel/studio/7.0/toolchain/avr8/avr8-gnu-toolchain/bin/../lib/gcc/avr/5.4.0/../../../../avr/lib/avrxmega6\libc.a(fputc.o)
                              src/ASF/common/utils/unit_test/suite.o (fputc)
c:/program files (x86)/atmel/studio/7.0/toolchain/avr8/avr8-gnu-toolchain/bin/../lib/gcc/avr/5.4.0/../../../../avr/lib/avrxmega6\libc.a(iob.o)
                              src/ASF/common/utils/unit_test/suite.o (__iob)
c:/program files (x86)/atmel/studio/7.0/toolchain/avr8/avr8-gnu-toolchain/bin/../lib/gcc/avr/5.4.0/../../../../avr/lib/avrxmega6\libc.a(printf_p.o)
                              src/ASF/common/services/clock/xmega/sysclk.o (printf_P)
c:/program files (x86)/atmel/studio/7.0/toolchain/avr8/avr8-gnu-toolchain/bin/../lib/gcc/avr/5.4.0/../../../../avr/lib/avrxmega6\libc.a(vfprintf_p.o)
                              src/ASF/common/utils/unit_test/suite.o (vfprintf_P)
[...]
Memory Configuration

Name             Origin             Length             Attributes
text             0x00000000         0x00100000         xr
data             0x00802000         0x0000ffa0         rw !x
eeprom           0x00810000         0x00010000         rw !x
fuse             0x00820000         0x00000006         rw !x
lock             0x00830000         0x00000400         rw !x
signature        0x00840000         0x00000400         rw !x
user_signatures  0x00850000         0x00000400         rw !x
*default*        0x00000000         0xffffffff

Linker script and memory map

LOAD C:/Program Files (x86)/Atmel/Studio/7.0/Packs/atmel/XMEGAA_DFP/1.1.68/gcc/dev/atxmega256a3u/avrxmega6/crtatxmega256a3u.o
LOAD src/ASF/common/boards/user_board/init.o
LOAD src/tasks/USBTask.o
LOAD src/utils/USBUtils.o
LOAD src/ASF/common/services/clock/xmega/sysclk.o
LOAD src/ASF/common/services/hugemem/avr8/avr8_hugemem.o
LOAD src/ASF/common/services/ioport/xmega/ioport_compat.o
LOAD src/ASF/common/services/sleepmgr/xmega/sleepmgr.o
LOAD src/ASF/common/services/usb/class/cdc/device/udi_cdc.o
LOAD src/ASF/common/services/usb/class/cdc/device/udi_cdc_desc.o
LOAD src/ASF/common/services/usb/udc/udc.o
LOAD src/ASF/common/utils/stdio/read.o
LOAD src/ASF/common/utils/stdio/write.o
LOAD src/ASF/common/utils/unit_test/suite.o
LOAD src/ASF/xmega/drivers/cpu/ccp.o
LOAD src/ASF/xmega/drivers/dma/dma.o
LOAD src/ASF/xmega/drivers/nvm/nvm.o
LOAD src/ASF/xmega/drivers/nvm/nvm_asm.o
LOAD src/ASF/xmega/drivers/spi/spi.o
LOAD src/ASF/xmega/drivers/tc/tc.o
LOAD src/ASF/xmega/drivers/twi/twim.o
LOAD src/ASF/xmega/drivers/usart/usart.o
LOAD src/ASF/xmega/drivers/usb/usb_device.o
LOAD src/drivers/ms5607-02ba03.o
LOAD src/drivers/n25q_512.o
LOAD src/framework/Scheduler.o
LOAD src/framework/Tasks.o
LOAD src/framework/Timer.o
LOAD src/main.o
LOAD src/tasks/Background.o
LOAD src/tasks/Pyrotechnics.o
LOAD src/tasks/RadioTask.o
LOAD src/tasks/SensorTask.o
LOAD src/tasks/Spi_bg_task.o
LOAD src/utils/FlashMem.o
LOAD src/utils/Spi_service.o
START GROUP
LOAD c:/program files (x86)/atmel/studio/7.0/toolchain/avr8/avr8-gnu-toolchain/bin/../lib/gcc/avr/5.4.0/../../../../avr/lib/avrxmega6\libm.a
END GROUP
START GROUP
LOAD c:/program files (x86)/atmel/studio/7.0/toolchain/avr8/avr8-gnu-toolchain/bin/../lib/gcc/avr/5.4.0/avrxmega6\libgcc.a
LOAD c:/program files (x86)/atmel/studio/7.0/toolchain/avr8/avr8-gnu-toolchain/bin/../lib/gcc/avr/5.4.0/../../../../avr/lib/avrxmega6\libm.a
LOAD c:/program files (x86)/atmel/studio/7.0/toolchain/avr8/avr8-gnu-toolchain/bin/../lib/gcc/avr/5.4.0/../../../../avr/lib/avrxmega6\libc.a
LOAD C:/Program Files (x86)/Atmel/Studio/7.0/Packs/atmel/XMEGAA_DFP/1.1.68/gcc/dev/atxmega256a3u/avrxmega6\libatxmega256a3u.a
END GROUP
                0x00100000                __TEXT_REGION_LENGTH__ = DEFINED (__TEXT_REGION_LENGTH__)?__TEXT_REGION_LENGTH__:0x100000
                0x0000ffa0                __DATA_REGION_LENGTH__ = DEFINED (__DATA_REGION_LENGTH__)?__DATA_REGION_LENGTH__:0xffa0
                0x00010000                __EEPROM_REGION_LENGTH__ = DEFINED (__EEPROM_REGION_LENGTH__)?__EEPROM_REGION_LENGTH__:0x10000
                [0x00000006]                __FUSE_REGION_LENGTH__ = DEFINED (__FUSE_REGION_LENGTH__)?__FUSE_REGION_LENGTH__:0x400
                0x00000400                __LOCK_REGION_LENGTH__ = DEFINED (__LOCK_REGION_LENGTH__)?__LOCK_REGION_LENGTH__:0x400
                0x00000400                __SIGNATURE_REGION_LENGTH__ = DEFINED (__SIGNATURE_REGION_LENGTH__)?__SIGNATURE_REGION_LENGTH__:0x400
                0x00000400                __USER_SIGNATURE_REGION_LENGTH__ = DEFINED (__USER_SIGNATURE_REGION_LENGTH__)?__USER_SIGNATURE_REGION_LENGTH__:0x400

.hash
 *(.hash)

.dynsym
 *(.dynsym)

.dynstr
 *(.dynstr)

.gnu.version
 *(.gnu.version)

.gnu.version_d
 *(.gnu.version_d)

.gnu.version_r
 *(.gnu.version_r)

.rel.init
 *(.rel.init)

.rela.init
 *(.rela.init)

.rel.text
 *(.rel.text)
 *(.rel.text.*)
 *(.rel.gnu.linkonce.t*)

.rela.text
 *(.rela.text)
 *(.rela.text.*)
 *(.rela.gnu.linkonce.t*)

.rel.fini
 *(.rel.fini)

.rela.fini
 *(.rela.fini)

.rel.rodata
 *(.rel.rodata)
 *(.rel.rodata.*)
 *(.rel.gnu.linkonce.r*)

.rela.rodata
 *(.rela.rodata)
 *(.rela.rodata.*)
 *(.rela.gnu.linkonce.r*)

.rel.data
 *(.rel.data)
 *(.rel.data.*)
 *(.rel.gnu.linkonce.d*)

.rela.data
 *(.rela.data)
 *(.rela.data.*)
 *(.rela.gnu.linkonce.d*)

.rel.ctors
 *(.rel.ctors)

.rela.ctors
 *(.rela.ctors)

.rel.dtors
 *(.rel.dtors)

.rela.dtors
 *(.rela.dtors)

.rel.got
 *(.rel.got)

.rela.got
 *(.rela.got)

.rel.bss
 *(.rel.bss)

.rela.bss
 *(.rela.bss)

.rel.plt
 *(.rel.plt)

.rela.plt
 *(.rela.plt)

.text           0x00000000     0x54ce
 *(.vectors)
 .vectors       0x00000000      0x1fc C:/Program Files (x86)/Atmel/Studio/7.0/Packs/atmel/XMEGAA_DFP/1.1.68/gcc/dev/atxmega256a3u/avrxmega6/crtatxmega256a3u.o
                0x00000000                __vector_default
                0x00000000                __vectors
 *(.vectors)
 *(.progmem.gcc*)
 .progmem.gcc_sw_table.udd_ep_get_size
                0x000001fc        0xe src/ASF/xmega/drivers/usb/usb_device.o
 .progmem.gcc_sw_table.ms5607_02ba03_run
                0x0000020a       0x10 src/drivers/ms5607-02ba03.o
                0x0000021a                . = ALIGN (0x2)
                0x0000021a                __trampolines_start = .
 *(.trampolines)
 .trampolines   0x0000021a        0x0 linker stubs
 *(.trampolines*)
                0x0000021a                __trampolines_end = .
 *libprintf_flt.a:*(.progmem.data)
 *libc.a:*(.progmem.data)
 *(.progmem*)
 .progmem.data.__c.5100
                0x0000021a       0x21 src/ASF/common/services/clock/xmega/sysclk.o
 .progmem.data._fmtstr.5099
                0x0000023b       0x17 src/ASF/common/services/clock/xmega/sysclk.o
 .progmem.data.__c.5201
                0x00000252       0x21 src/ASF/common/services/usb/class/cdc/device/udi_cdc.o
 .progmem.data._fmtstr.5200
                0x00000273       0x17 src/ASF/common/services/usb/class/cdc/device/udi_cdc.o
 .progmem.data.__c.5193
                0x0000028a       0x21 src/ASF/common/services/usb/class/cdc/device/udi_cdc.o
 .progmem.data._fmtstr.5192
                0x000002ab       0x17 src/ASF/common/services/usb/class/cdc/device/udi_cdc.o
 .progmem.data.__c.4590
                0x000002c2       0x1e src/ASF/common/utils/unit_test/suite.o
 .progmem.data.__c.5905
                0x000002e0       0x21 src/ASF/xmega/drivers/usb/usb_device.o
 .progmem.data._fmtstr.5904
                0x00000301       0x17 src/ASF/xmega/drivers/usb/usb_device.o
 .progmem.data.__c.5847
                0x00000318       0x21 src/ASF/xmega/drivers/usb/usb_device.o
 .progmem.data._fmtstr.5846
                0x00000339       0x17 src/ASF/xmega/drivers/usb/usb_device.o
 .progmem.data.__c.5843
                0x00000350       0x21 src/ASF/xmega/drivers/usb/usb_device.o
 .progmem.data._fmtstr.5842
                0x00000371       0x17 src/ASF/xmega/drivers/usb/usb_device.o
 .progmem.data.__c.5839
                0x00000388       0x21 src/ASF/xmega/drivers/usb/usb_device.o
 .progmem.data._fmtstr.5838
                0x000003a9       0x17 src/ASF/xmega/drivers/usb/usb_device.o
 .progmem.data.__c.5897
                0x000003c0       0x21 src/ASF/xmega/drivers/usb/usb_device.o
 .progmem.data._fmtstr.5896
                0x000003e1       0x17 src/ASF/xmega/drivers/usb/usb_device.o
 .progmem.data.__c.5933
                0x000003f8       0x21 src/ASF/xmega/drivers/usb/usb_device.o
 .progmem.data._fmtstr.5932
                0x00000419       0x17 src/ASF/xmega/drivers/usb/usb_device.o
 .progmem.data.__c.5802
                0x00000430       0x21 src/ASF/xmega/drivers/usb/usb_device.o
 .progmem.data._fmtstr.5801
                0x00000451       0x17 src/ASF/xmega/drivers/usb/usb_device.o
 .progmem.data.__c.5793
                0x00000468       0x21 src/ASF/xmega/drivers/usb/usb_device.o
 .progmem.data._fmtstr.5792
                0x00000489       0x17 src/ASF/xmega/drivers/usb/usb_device.o
 .progmem.data.__c.5779
                0x000004a0       0x21 src/ASF/xmega/drivers/usb/usb_device.o
 .progmem.data._fmtstr.5778
                0x000004c1       0x17 src/ASF/xmega/drivers/usb/usb_device.o
 .progmem.data.__c.5770
                0x000004d8       0x21 src/ASF/xmega/drivers/usb/usb_device.o
 .progmem.data._fmtstr.5769
                0x000004f9       0x17 src/ASF/xmega/drivers/usb/usb_device.o
 .progmem.data.__c.5762
                0x00000510       0x21 src/ASF/xmega/drivers/usb/usb_device.o
 .progmem.data._fmtstr.5761
                0x00000531       0x17 src/ASF/xmega/drivers/usb/usb_device.o
 .progmem.data.__c.5754
                0x00000548       0x21 src/ASF/xmega/drivers/usb/usb_device.o
 .progmem.data._fmtstr.5753
                0x00000569       0x17 src/ASF/xmega/drivers/usb/usb_device.o
 .progmem.data.__c.5870
                0x00000580       0x21 src/ASF/xmega/drivers/usb/usb_device.o
 .progmem.data._fmtstr.5869
                0x000005a1       0x17 src/ASF/xmega/drivers/usb/usb_device.o
 .progmem.data.__c.5746
                0x000005b8       0x21 src/ASF/xmega/drivers/usb/usb_device.o
 .progmem.data._fmtstr.5745
                0x000005d9       0x17 src/ASF/xmega/drivers/usb/usb_device.o
                0x000005f0                . = ALIGN (0x2)
 *(.jumptables)
 *(.jumptables*)
 *(.lowtext)
 *(.lowtext*)
                0x000005f0                __ctors_start = .
 *(.ctors)
                0x000005f0                __ctors_end = .
                0x000005f0                __dtors_start = .
 *(.dtors)
                0x000005f0                __dtors_end = .
 SORT(*)(.ctors)
 SORT(*)(.dtors)
 *(.init0)
 .init0         0x000005f0        0x0 C:/Program Files (x86)/Atmel/Studio/7.0/Packs/atmel/XMEGAA_DFP/1.1.68/gcc/dev/atxmega256a3u/avrxmega6/crtatxmega256a3u.o
                0x000005f0                __init
 *(.init0)
 *(.init1)
 *(.init1)
 *(.init2)
 .init2         0x000005f0       0x10 C:/Program Files (x86)/Atmel/Studio/7.0/Packs/atmel/XMEGAA_DFP/1.1.68/gcc/dev/atxmega256a3u/avrxmega6/crtatxmega256a3u.o
 *(.init2)
 *(.init3)
 *(.init3)
 *(.init4)
 .init4         0x00000600       0x1a c:/program files (x86)/atmel/studio/7.0/toolchain/avr8/avr8-gnu-toolchain/bin/../lib/gcc/avr/5.4.0/avrxmega6\libgcc.a(_copy_data.o)
                0x00000600                __do_copy_data
 .init4         0x0000061a       0x10 c:/program files (x86)/atmel/studio/7.0/toolchain/avr8/avr8-gnu-toolchain/bin/../lib/gcc/avr/5.4.0/avrxmega6\libgcc.a(_clear_bss.o)
                0x0000061a                __do_clear_bss
 *(.init4)
 *(.init5)
 *(.init5)
 *(.init6)
 *(.init6)
 *(.init7)
 *(.init7)
 *(.init8)
 *(.init8)
 *(.init9)
 .init9         0x0000062a        0x8 C:/Program Files (x86)/Atmel/Studio/7.0/Packs/atmel/XMEGAA_DFP/1.1.68/gcc/dev/atxmega256a3u/avrxmega6/crtatxmega256a3u.o
 *(.init9)
 *(.text)
 .text          0x00000632        0x2 C:/Program Files (x86)/Atmel/Studio/7.0/Packs/atmel/XMEGAA_DFP/1.1.68/gcc/dev/atxmega256a3u/avrxmega6/crtatxmega256a3u.o
                0x00000632                __vector_38
                0x00000632                __vector_104
                0x00000632                __vector_63
                0x00000632                __vector_67
                0x00000632                __vector_1
                0x00000632                __vector_119
                0x00000632                __vector_32
                0x00000632                __vector_75
                0x00000632                __vector_71
                0x00000632                __vector_91
                0x00000632                __vector_34
                0x00000632                __vector_62
                0x00000632                __vector_102
                0x00000632                __vector_24
                0x00000632                __vector_12
                0x00000632                __vector_69
                0x00000632                __vector_90
                0x00000632                __bad_interrupt
                0x00000632                __vector_122
                0x00000632                __vector_72
                0x00000632                __vector_114
                0x00000632                __vector_31
                0x00000632                __vector_92
                0x00000632                __vector_35
                0x00000632                __vector_74
                0x00000632                __vector_117
                0x00000632                __vector_39
                0x00000632                __vector_107
                0x00000632                __vector_3
                0x00000632                __vector_105
                0x00000632                __vector_98
                0x00000632                __vector_68
                0x00000632                __vector_30
                0x00000632                __vector_73
                0x00000632                __vector_45
                0x00000632                __vector_25
                0x00000632                __vector_93
                0x00000632                __vector_11
                0x00000632                __vector_99
                0x00000632                __vector_123
                0x00000632                __vector_41
                0x00000632                __vector_100
                0x00000632                __vector_101
                0x00000632                __vector_43
                0x00000632                __vector_27
                0x00000632                __vector_5
                0x00000632                __vector_33
                0x00000632                __vector_76
                0x00000632                __vector_115
                0x00000632                __vector_37
                0x00000632                __vector_95
                0x00000632                __vector_103
                0x00000632                __vector_96
                0x00000632                __vector_89
                0x00000632                __vector_4
                0x00000632                __vector_44
                0x00000632                __vector_106
                0x00000632                __vector_118
                0x00000632                __vector_2
                0x00000632                __vector_66
                0x00000632                __vector_36
                0x00000632                __vector_58
                0x00000632                __vector_70
                0x00000632                __vector_29
                0x00000632                __vector_60
                0x00000632                __vector_121
                0x00000632                __vector_40
                0x00000632                __vector_94
                0x00000632                __vector_26
                0x00000632                __vector_124
                0x00000632                __vector_116
                0x00000632                __vector_57
                0x00000632                __vector_10
                0x00000632                __vector_59
                0x00000632                __vector_97
                0x00000632                __vector_42
                0x00000632                __vector_87
                0x00000632                __vector_65
                0x00000632                __vector_120
                0x00000634                . = ALIGN (0x2)
 *(.text.*)
 .text.board_init
                0x00000634      0x112 src/ASF/common/boards/user_board/init.o
                0x00000634                board_init
 .text.__vector_64
                0x00000746       0x74 src/utils/USBUtils.o
                0x00000746                __vector_64
 .text.usb_utils_cdc_enabled
                0x000007ba        0xc src/utils/USBUtils.o
                0x000007ba                usb_utils_cdc_enabled
 .text.usb_utils_cdc_disabled
                0x000007c6        0x6 src/utils/USBUtils.o
                0x000007c6                usb_utils_cdc_disabled
 .text.sysclk_init
                0x000007cc       0xe4 src/ASF/common/services/clock/xmega/sysclk.o
                0x000007cc                sysclk_init
 .text.sysclk_enable_module
                0x000008b0       0x2c src/ASF/common/services/clock/xmega/sysclk.o
                0x000008b0                sysclk_enable_module
 .text.udi_cdc_data_setup
                0x000008dc        0x4 src/ASF/common/services/usb/class/cdc/device/udi_cdc.o
                0x000008dc                udi_cdc_data_setup
 .text.udi_cdc_getsetting
                0x000008e0        0x4 src/ASF/common/services/usb/class/cdc/device/udi_cdc.o
                0x000008e0                udi_cdc_getsetting
 .text.udi_cdc_setup_to_port
                0x000008e4        0x4 src/ASF/common/services/usb/class/cdc/device/udi_cdc.o
 .text.udi_cdc_comm_setup
                0x000008e8       0xd0 src/ASF/common/services/usb/class/cdc/device/udi_cdc.o
                0x000008e8                udi_cdc_comm_setup
 .text.udi_cdc_line_coding_received
                0x000009b8        0x2 src/ASF/common/services/usb/class/cdc/device/udi_cdc.o
 .text.udi_cdc_comm_enable
                0x000009ba       0x5c src/ASF/common/services/usb/class/cdc/device/udi_cdc.o
                0x000009ba                udi_cdc_comm_enable
 .text.udi_cdc_tx_send
                0x00000a16      0x164 src/ASF/common/services/usb/class/cdc/device/udi_cdc.o
 .text.udi_cdc_data_sent
                0x00000b7a       0x30 src/ASF/common/services/usb/class/cdc/device/udi_cdc.o
 .text.udi_cdc_data_sof_notify
                0x00000baa        0x6 src/ASF/common/services/usb/class/cdc/device/udi_cdc.o
                0x00000baa                udi_cdc_data_sof_notify
 .text.udi_cdc_comm_disable
                0x00000bb0       0x96 src/ASF/common/services/usb/class/cdc/device/udi_cdc.o
                0x00000bb0                udi_cdc_comm_disable
 .text.udi_cdc_data_disable
                0x00000c46       0xa0 src/ASF/common/services/usb/class/cdc/device/udi_cdc.o
                0x00000c46                udi_cdc_data_disable
 .text.udi_cdc_multi_get_nb_received_data
                0x00000ce6       0x3a src/ASF/common/services/usb/class/cdc/device/udi_cdc.o
                0x00000ce6                udi_cdc_multi_get_nb_received_data
 .text.udi_cdc_multi_is_rx_ready
                0x00000d20        0xe src/ASF/common/services/usb/class/cdc/device/udi_cdc.o
                0x00000d20                udi_cdc_multi_is_rx_ready
 .text.udi_cdc_rx_start
                0x00000d2e       0x9a src/ASF/common/services/usb/class/cdc/device/udi_cdc.o
 .text.udi_cdc_data_enable
                0x00000dc8       0x64 src/ASF/common/services/usb/class/cdc/device/udi_cdc.o
                0x00000dc8                udi_cdc_data_enable
 .text.udi_cdc_data_received
                0x00000e2c       0x60 src/ASF/common/services/usb/class/cdc/device/udi_cdc.o
 .text.udc_get_string_serial_name
                0x00000e8c        0x6 src/ASF/common/services/usb/udc/udc.o
 .text.udc_get_eof_conf
                0x00000e92       0x18 src/ASF/common/services/usb/udc/udc.o
 .text.udc_next_desc_in_iface
                0x00000eaa       0x46 src/ASF/common/services/usb/udc/udc.o
 .text.udc_update_iface_desc
                0x00000ef0       0x74 src/ASF/common/services/usb/udc/udc.o
 .text.udc_req_std_dev_clear_feature
                0x00000f64       0x36 src/ASF/common/services/usb/udc/udc.o
 .text.udc_req_std_dev_set_feature
                0x00000f9a        0x4 src/ASF/common/services/usb/udc/udc.o
 .text.udc_req_std_dev_set_address
                0x00000f9e       0x20 src/ASF/common/services/usb/udc/udc.o
 .text.udc_req_iface
                0x00000fbe       0x86 src/ASF/common/services/usb/udc/udc.o
 .text.udc_req_ep
                0x00001044       0x70 src/ASF/common/services/usb/udc/udc.o
 .text.udc_iface_disable
                0x000010b4       0x80 src/ASF/common/services/usb/udc/udc.o
 .text.udc_req_std_dev_get_status
                0x00001134       0x20 src/ASF/common/services/usb/udc/udc.o
 .text.udc_req_std_dev_get_str_desc
                0x00001154       0x9a src/ASF/common/services/usb/udc/udc.o
 .text.udc_req_std_dev_get_descriptor
                0x000011ee       0xc6 src/ASF/common/services/usb/udc/udc.o
 .text.udc_req_std_dev_get_configuration
                0x000012b4       0x20 src/ASF/common/services/usb/udc/udc.o
 .text.udc_req_std_iface_get_setting
                0x000012d4       0x8e src/ASF/common/services/usb/udc/udc.o
 .text.udc_req_std_ep_get_status
                0x00001362       0x32 src/ASF/common/services/usb/udc/udc.o
 .text.udc_valid_address
                0x00001394        0xc src/ASF/common/services/usb/udc/udc.o
 .text.udc_iface_enable
                0x000013a0       0x62 src/ASF/common/services/usb/udc/udc.o
 .text.udc_req_std_iface_set_setting
                0x00001402       0x3c src/ASF/common/services/usb/udc/udc.o
 .text.udc_req_std_ep_clear_feature
                0x0000143e       0x2a src/ASF/common/services/usb/udc/udc.o
 .text.udc_req_std_ep_set_feature
                0x00001468       0x3a src/ASF/common/services/usb/udc/udc.o
 .text.udc_reset
                0x000014a2       0x3e src/ASF/common/services/usb/udc/udc.o
                0x000014a2                udc_reset
 .text.udc_req_std_dev_set_configuration
                0x000014e0       0xa2 src/ASF/common/services/usb/udc/udc.o
 .text.udc_reqstd
                0x00001582       0xc2 src/ASF/common/services/usb/udc/udc.o
 .text.udc_sof_notify
                0x00001644       0x4c src/ASF/common/services/usb/udc/udc.o
                0x00001644                udc_sof_notify
 .text.udc_process_setup
                0x00001690       0x52 src/ASF/common/services/usb/udc/udc.o
                0x00001690                udc_process_setup
 .text.test_case_fail
                0x000016e2       0x70 src/ASF/common/utils/unit_test/suite.o
                0x000016e2                test_case_fail
 .text.ccp_write_io
                0x00001752        0xc src/ASF/xmega/drivers/cpu/ccp.o
                0x00001752                ccp_write_io
 .text.dma_interrupt
                0x0000175e       0xc4 src/ASF/xmega/drivers/dma/dma.o
 .text.__vector_6
                0x00001822       0x50 src/ASF/xmega/drivers/dma/dma.o
                0x00001822                __vector_6
 .text.__vector_7
                0x00001872       0x50 src/ASF/xmega/drivers/dma/dma.o
                0x00001872                __vector_7
 .text.__vector_8
                0x000018c2       0x50 src/ASF/xmega/drivers/dma/dma.o
                0x000018c2                __vector_8
 .text.__vector_9
                0x00001912       0x50 src/ASF/xmega/drivers/dma/dma.o
                0x00001912                __vector_9
 .text.__vector_14
                0x00001962       0x5a src/ASF/xmega/drivers/tc/tc.o
                0x00001962                __vector_14
 .text.__vector_15
                0x000019bc       0x5a src/ASF/xmega/drivers/tc/tc.o
                0x000019bc                __vector_15
 .text.__vector_16
                0x00001a16       0x5a src/ASF/xmega/drivers/tc/tc.o
                0x00001a16                __vector_16
 .text.__vector_17
                0x00001a70       0x5a src/ASF/xmega/drivers/tc/tc.o
                0x00001a70                __vector_17
 .text.__vector_18
                0x00001aca       0x5a src/ASF/xmega/drivers/tc/tc.o
                0x00001aca                __vector_18
 .text.__vector_19
                0x00001b24       0x5a src/ASF/xmega/drivers/tc/tc.o
                0x00001b24                __vector_19
 .text.__vector_20
                0x00001b7e       0x5a src/ASF/xmega/drivers/tc/tc.o
                0x00001b7e                __vector_20
 .text.__vector_21
                0x00001bd8       0x5a src/ASF/xmega/drivers/tc/tc.o
                0x00001bd8                __vector_21
 .text.__vector_22
                0x00001c32       0x5a src/ASF/xmega/drivers/tc/tc.o
                0x00001c32                __vector_22
 .text.__vector_23
                0x00001c8c       0x5a src/ASF/xmega/drivers/tc/tc.o
                0x00001c8c                __vector_23
 .text.__vector_77
                0x00001ce6       0x5a src/ASF/xmega/drivers/tc/tc.o
                0x00001ce6                __vector_77
 .text.__vector_78
                0x00001d40       0x5a src/ASF/xmega/drivers/tc/tc.o
                0x00001d40                __vector_78
 .text.__vector_79
                0x00001d9a       0x5a src/ASF/xmega/drivers/tc/tc.o
                0x00001d9a                __vector_79
 .text.__vector_80
                0x00001df4       0x5a src/ASF/xmega/drivers/tc/tc.o
                0x00001df4                __vector_80
 .text.__vector_81
                0x00001e4e       0x5a src/ASF/xmega/drivers/tc/tc.o
                0x00001e4e                __vector_81
 .text.__vector_82
                0x00001ea8       0x5a src/ASF/xmega/drivers/tc/tc.o
                0x00001ea8                __vector_82
 .text.__vector_83
                0x00001f02       0x5a src/ASF/xmega/drivers/tc/tc.o
                0x00001f02                __vector_83
 .text.__vector_84
                0x00001f5c       0x5a src/ASF/xmega/drivers/tc/tc.o
                0x00001f5c                __vector_84
 .text.__vector_85
                0x00001fb6       0x5a src/ASF/xmega/drivers/tc/tc.o
                0x00001fb6                __vector_85
 .text.__vector_86
                0x00002010       0x5a src/ASF/xmega/drivers/tc/tc.o
                0x00002010                __vector_86
 .text.__vector_47
                0x0000206a       0x5a src/ASF/xmega/drivers/tc/tc.o
                0x0000206a                __vector_47
 .text.__vector_48
                0x000020c4       0x5a src/ASF/xmega/drivers/tc/tc.o
                0x000020c4                __vector_48
 .text.__vector_49
                0x0000211e       0x5a src/ASF/xmega/drivers/tc/tc.o
                0x0000211e                __vector_49
 .text.__vector_50
                0x00002178       0x5a src/ASF/xmega/drivers/tc/tc.o
                0x00002178                __vector_50
 .text.__vector_51
                0x000021d2       0x5a src/ASF/xmega/drivers/tc/tc.o
                0x000021d2                __vector_51
 .text.__vector_52
                0x0000222c       0x5a src/ASF/xmega/drivers/tc/tc.o
                0x0000222c                __vector_52
 .text.__vector_53
                0x00002286       0x5a src/ASF/xmega/drivers/tc/tc.o
                0x00002286                __vector_53
 .text.__vector_54
                0x000022e0       0x5a src/ASF/xmega/drivers/tc/tc.o
                0x000022e0                __vector_54
 .text.__vector_55
                0x0000233a       0x5a src/ASF/xmega/drivers/tc/tc.o
                0x0000233a                __vector_55
 .text.__vector_56
                0x00002394       0x5a src/ASF/xmega/drivers/tc/tc.o
                0x00002394                __vector_56
 .text.__vector_108
                0x000023ee       0x5a src/ASF/xmega/drivers/tc/tc.o
                0x000023ee                __vector_108
 .text.__vector_109
                0x00002448       0x5a src/ASF/xmega/drivers/tc/tc.o
                0x00002448                __vector_109
 .text.__vector_110
                0x000024a2       0x5a src/ASF/xmega/drivers/tc/tc.o
                0x000024a2                __vector_110
 .text.__vector_111
                0x000024fc       0x5a src/ASF/xmega/drivers/tc/tc.o
                0x000024fc                __vector_111
 .text.__vector_112
                0x00002556       0x5a src/ASF/xmega/drivers/tc/tc.o
                0x00002556                __vector_112
 .text.__vector_113
                0x000025b0       0x5a src/ASF/xmega/drivers/tc/tc.o
                0x000025b0                __vector_113
 .text.tc_enable
                0x0000260a       0xfe src/ASF/xmega/drivers/tc/tc.o
                0x0000260a                tc_enable
 .text.tc_set_overflow_interrupt_callback
                0x00002708       0x7c src/ASF/xmega/drivers/tc/tc.o
                0x00002708                tc_set_overflow_interrupt_callback
 .text.twim_interrupt_handler
                0x00002784      0x13c src/ASF/xmega/drivers/twi/twim.o
 .text.__vector_13
                0x000028c0       0x4e src/ASF/xmega/drivers/twi/twim.o
                0x000028c0                __vector_13
 .text.__vector_46
                0x0000290e       0x4e src/ASF/xmega/drivers/twi/twim.o
                0x0000290e                __vector_46
 .text.udd_sleep_mode
                0x0000295c       0x6e src/ASF/xmega/drivers/usb/usb_device.o
 .text.udd_ep_get_ctrl
                0x000029ca       0x34 src/ASF/xmega/drivers/usb/usb_device.o
 .text.udd_ctrl_init
                0x000029fe       0x4a src/ASF/xmega/drivers/usb/usb_device.o
 .text.udd_ctrl_stall_data
                0x00002a48       0x1c src/ASF/xmega/drivers/usb/usb_device.o
 .text.udd_ctrl_send_zlp_in
                0x00002a64       0x1c src/ASF/xmega/drivers/usb/usb_device.o
 .text.udd_ctrl_send_zlp_out
                0x00002a80       0x14 src/ASF/xmega/drivers/usb/usb_device.o
 .text.udd_ctrl_endofrequest
                0x00002a94       0x10 src/ASF/xmega/drivers/usb/usb_device.o
 .text.udd_ep_get_size
                0x00002aa4       0x52 src/ASF/xmega/drivers/usb/usb_device.o
 .text.udd_ep_get_job
                0x00002af6       0x3c src/ASF/xmega/drivers/usb/usb_device.o
 .text.udd_ep_init
                0x00002b32      0x11c src/ASF/xmega/drivers/usb/usb_device.o
 .text.udd_ctrl_in_sent
                0x00002c4e      0x156 src/ASF/xmega/drivers/usb/usb_device.o
 .text.udd_ep_trans_complet
                0x00002da4      0x204 src/ASF/xmega/drivers/usb/usb_device.o
 .text.udd_ctrl_out_received
                0x00002fa8      0x18e src/ASF/xmega/drivers/usb/usb_device.o
 .text.udd_ctrl_setup_received
                0x00003136       0xa8 src/ASF/xmega/drivers/usb/usb_device.o
 .text.udd_ctrl_interrupt_tc_setup
                0x000031de       0xc6 src/ASF/xmega/drivers/usb/usb_device.o
 .text.udd_ctrl_underflow
                0x000032a4       0x34 src/ASF/xmega/drivers/usb/usb_device.o
 .text.udd_ctrl_overflow
                0x000032d8       0x34 src/ASF/xmega/drivers/usb/usb_device.o
 .text.udd_ctrl_interrupt_error
                0x0000330c       0x44 src/ASF/xmega/drivers/usb/usb_device.o
 .text.udd_is_high_speed
                0x00003350        0x4 src/ASF/xmega/drivers/usb/usb_device.o
                0x00003350                udd_is_high_speed
 .text.udd_set_address
                0x00003354        0x6 src/ASF/xmega/drivers/usb/usb_device.o
                0x00003354                udd_set_address
 .text.udd_getaddress
                0x0000335a        0x6 src/ASF/xmega/drivers/usb/usb_device.o
                0x0000335a                udd_getaddress
 .text.udd_get_frame_number
                0x00003360        0xa src/ASF/xmega/drivers/usb/usb_device.o
                0x00003360                udd_get_frame_number
 .text.udd_get_micro_frame_number
                0x0000336a        0x6 src/ASF/xmega/drivers/usb/usb_device.o
                0x0000336a                udd_get_micro_frame_number
 .text.udd_set_setup_payload
                0x00003370        0xe src/ASF/xmega/drivers/usb/usb_device.o
                0x00003370                udd_set_setup_payload
 .text.udd_ep_is_valid
                0x0000337e       0x14 src/ASF/xmega/drivers/usb/usb_device.o
                0x0000337e                udd_ep_is_valid
 .text.udd_ep_alloc
                0x00003392       0xde src/ASF/xmega/drivers/usb/usb_device.o
                0x00003392                udd_ep_alloc
 .text.udd_ep_is_halted
                0x00003470       0xaa src/ASF/xmega/drivers/usb/usb_device.o
                0x00003470                udd_ep_is_halted
 .text.udd_ep_clear_halt
                0x0000351a       0xcc src/ASF/xmega/drivers/usb/usb_device.o
                0x0000351a                udd_ep_clear_halt
 .text.udd_ep_run
                0x000035e6      0x188 src/ASF/xmega/drivers/usb/usb_device.o
                0x000035e6                udd_ep_run
 .text.udd_ep_abort
                0x0000376e       0xe8 src/ASF/xmega/drivers/usb/usb_device.o
                0x0000376e                udd_ep_abort
 .text.__vector_125
                0x00003856       0xde src/ASF/xmega/drivers/usb/usb_device.o
                0x00003856                __vector_125
 .text.udd_ep_free
                0x00003934       0xaa src/ASF/xmega/drivers/usb/usb_device.o
                0x00003934                udd_ep_free
 .text.udd_ep_set_halt
                0x000039de       0xb0 src/ASF/xmega/drivers/usb/usb_device.o
                0x000039de                udd_ep_set_halt
 .text.__vector_126
                0x00003a8e      0x26a src/ASF/xmega/drivers/usb/usb_device.o
                0x00003a8e                __vector_126
 .text.ms5607_02ba03_reset
                0x00003cf8       0x48 src/drivers/ms5607-02ba03.o
                0x00003cf8                ms5607_02ba03_reset
 .text.ms5607_02ba03_read_prom
                0x00003d40       0xa2 src/drivers/ms5607-02ba03.o
                0x00003d40                ms5607_02ba03_read_prom
 .text.ms5607_02ba03_init
                0x00003de2       0x68 src/drivers/ms5607-02ba03.o
                0x00003de2                ms5607_02ba03_init
 .text.ms5607_02ba03_d1_convert
                0x00003e4a       0x56 src/drivers/ms5607-02ba03.o
                0x00003e4a                ms5607_02ba03_d1_convert
 .text.ms5607_02ba03_d2_convert
                0x00003ea0       0x56 src/drivers/ms5607-02ba03.o
                0x00003ea0                ms5607_02ba03_d2_convert
 .text.ms5607_02ba03_read_data
                0x00003ef6       0x58 src/drivers/ms5607-02ba03.o
                0x00003ef6                ms5607_02ba03_read_data
 .text.ms5607_02ba03_calculate_temp
                0x00003f4e       0x6e src/drivers/ms5607-02ba03.o
                0x00003f4e                ms5607_02ba03_calculate_temp
 .text.ms5607_02ba03_calculate_press
                0x00003fbc      0x206 src/drivers/ms5607-02ba03.o
                0x00003fbc                ms5607_02ba03_calculate_press
 .text.ms5607_02ba03_run
                0x000041c2      0x19e src/drivers/ms5607-02ba03.o
                0x000041c2                ms5607_02ba03_run
 .text.ms5607_02ba03_get_data
                0x00004360       0x34 src/drivers/ms5607-02ba03.o
                0x00004360                ms5607_02ba03_get_data
 .text.__vector_28
                0x00004394       0x52 src/drivers/n25q_512.o
                0x00004394                __vector_28
 .text.init_scheduler
                0x000043e6       0x12 src/framework/Scheduler.o
                0x000043e6                init_scheduler
 .text.run_scheduler
                0x000043f8      0x10a src/framework/Scheduler.o
                0x000043f8                run_scheduler
 .text.get_task_list
                0x00004502        0x6 src/framework/Tasks.o
                0x00004502                get_task_list
 .text.get_num_tasks
                0x00004508        0x4 src/framework/Tasks.o
                0x00004508                get_num_tasks
 .text.timer0_callback
                0x0000450c       0x28 src/framework/Timer.o
                0x0000450c                timer0_callback
 .text.timer_init
                0x00004534       0x34 src/framework/Timer.o
                0x00004534                timer_init
 .text.get_timer_count
                0x00004568       0x2c src/framework/Timer.o
                0x00004568                get_timer_count
 .text.timer_delay_ms
                0x00004594       0x8c src/framework/Timer.o
                0x00004594                timer_delay_ms
 .text.main     0x00004620       0x22 src/main.o
                0x00004620                main
 .text.background_task_func
                0x00004642       0x34 src/tasks/Background.o
                0x00004642                background_task_func
 .text.add_background_function
                0x00004676       0x2e src/tasks/Background.o
                0x00004676                add_background_function
 .text.is_background_function
                0x000046a4       0x2e src/tasks/Background.o
                0x000046a4                is_background_function
 .text.__vector_61
                0x000046d2       0x52 src/tasks/RadioTask.o
                0x000046d2                __vector_61
 .text.init_sensor_task
                0x00004724       0x3e src/tasks/SensorTask.o
                0x00004724                init_sensor_task
 .text.sensor_task_func
                0x00004762        0xe src/tasks/SensorTask.o
                0x00004762                sensor_task_func
 .text.__vector_88
                0x00004770       0x52 src/tasks/SensorTask.o
                0x00004770                __vector_88
 .text.spi_bg_add_master
                0x000047c2       0x28 src/tasks/Spi_bg_task.o
                0x000047c2                spi_bg_add_master
 .text.spi_bg_task
                0x000047ea       0x38 src/tasks/Spi_bg_task.o
                0x000047ea                spi_bg_task
 .text.init_spi_master_service
                0x00004822       0x4e src/utils/Spi_service.o
                0x00004822                init_spi_master_service
 .text.spi_master_enqueue_internal
                0x00004870      0x15a src/utils/Spi_service.o
                0x00004870                spi_master_enqueue_internal
 .text.spi_master_enqueue
                0x000049ca       0x22 src/utils/Spi_service.o
                0x000049ca                spi_master_enqueue
 .text.spi_master_dequeue
                0x000049ec       0x58 src/utils/Spi_service.o
                0x000049ec                spi_master_dequeue
 .text.spi_master_initate_request
                0x00004a44       0x88 src/utils/Spi_service.o
                0x00004a44                spi_master_initate_request
 .text.spi_master_ISR
                0x00004acc      0x184 src/utils/Spi_service.o
                0x00004acc                spi_master_ISR
 .text.spi_master_blocking_send_request
                0x00004c50       0x42 src/utils/Spi_service.o
                0x00004c50                spi_master_blocking_send_request
 .text.spi_master_blocking_send_req_cslow
                0x00004c92       0x44 src/utils/Spi_service.o
                0x00004c92                spi_master_blocking_send_req_cslow
 .text.libgcc.div
                0x00004cd6       0x28 c:/program files (x86)/atmel/studio/7.0/toolchain/avr8/avr8-gnu-toolchain/bin/../lib/gcc/avr/5.4.0/avrxmega6\libgcc.a(_udivmodhi4.o)
                0x00004cd6                __udivmodhi4
 .text.libgcc   0x00004cfe       0x10 c:/program files (x86)/atmel/studio/7.0/toolchain/avr8/avr8-gnu-toolchain/bin/../lib/gcc/avr/5.4.0/avrxmega6\libgcc.a(_tablejump2.o)
                0x00004cfe                __tablejump2__
 .text.libgcc.mul
                0x00004d0e       0x14 c:/program files (x86)/atmel/studio/7.0/toolchain/avr8/avr8-gnu-toolchain/bin/../lib/gcc/avr/5.4.0/avrxmega6\libgcc.a(_muluhisi3.o)
                0x00004d0e                __muluhisi3
 .text.libgcc.mul
                0x00004d22       0x92 c:/program files (x86)/atmel/studio/7.0/toolchain/avr8/avr8-gnu-toolchain/bin/../lib/gcc/avr/5.4.0/avrxmega6\libgcc.a(_muldi3.o)
                0x00004d22                __muldi3
 .text.libgcc.mul
                0x00004db4       0x10 c:/program files (x86)/atmel/studio/7.0/toolchain/avr8/avr8-gnu-toolchain/bin/../lib/gcc/avr/5.4.0/avrxmega6\libgcc.a(_muldi3_6.o)
                0x00004db4                __muldi3_6
 .text.libgcc.builtins
                0x00004dc4       0x32 c:/program files (x86)/atmel/studio/7.0/toolchain/avr8/avr8-gnu-toolchain/bin/../lib/gcc/avr/5.4.0/avrxmega6\libgcc.a(_ashldi3.o)
                0x00004dc4                __ashldi3
 .text.libgcc.builtins
                0x00004df6       0x3c c:/program files (x86)/atmel/studio/7.0/toolchain/avr8/avr8-gnu-toolchain/bin/../lib/gcc/avr/5.4.0/avrxmega6\libgcc.a(_ashrdi3.o)
                0x00004df6                __ashrdi3
                0x00004dfa                __lshrdi3
 .text.libgcc   0x00004e32       0x12 c:/program files (x86)/atmel/studio/7.0/toolchain/avr8/avr8-gnu-toolchain/bin/../lib/gcc/avr/5.4.0/avrxmega6\libgcc.a(_adddi3.o)
                0x00004e32                __adddi3
 .text.libgcc   0x00004e44       0x12 c:/program files (x86)/atmel/studio/7.0/toolchain/avr8/avr8-gnu-toolchain/bin/../lib/gcc/avr/5.4.0/avrxmega6\libgcc.a(_subdi3.o)
                0x00004e44                __subdi3
 .text.libgcc.mul
                0x00004e56       0x1e c:/program files (x86)/atmel/studio/7.0/toolchain/avr8/avr8-gnu-toolchain/bin/../lib/gcc/avr/5.4.0/avrxmega6\libgcc.a(_umulhisi3.o)
                0x00004e56                __umulhisi3
 .text.avr-libc
                0x00004e74       0x8c c:/program files (x86)/atmel/studio/7.0/toolchain/avr8/avr8-gnu-toolchain/bin/../lib/gcc/avr/5.4.0/../../../../avr/lib/avrxmega6\libc.a(setjmp.o)
                0x00004e74                setjmp
                0x00004eb8                longjmp
 .text.avr-libc
                0x00004f00       0x12 c:/program files (x86)/atmel/studio/7.0/toolchain/avr8/avr8-gnu-toolchain/bin/../lib/gcc/avr/5.4.0/../../../../avr/lib/avrxmega6\libc.a(memcpy.o)
                0x00004f00                memcpy
 .text.avr-libc
                0x00004f12       0x78 c:/program files (x86)/atmel/studio/7.0/toolchain/avr8/avr8-gnu-toolchain/bin/../lib/gcc/avr/5.4.0/../../../../avr/lib/avrxmega6\libc.a(fputc.o)
                0x00004f12                fputc
 .text.avr-libc
                0x00004f8a       0x4e c:/program files (x86)/atmel/studio/7.0/toolchain/avr8/avr8-gnu-toolchain/bin/../lib/gcc/avr/5.4.0/../../../../avr/lib/avrxmega6\libc.a(printf_p.o)
                0x00004f8a                printf_P
 .text.avr-libc
                0x00004fd8       0x1c c:/program files (x86)/atmel/studio/7.0/toolchain/avr8/avr8-gnu-toolchain/bin/../lib/gcc/avr/5.4.0/../../../../avr/lib/avrxmega6\libc.a(vfprintf_p.o)
                0x00004fd8                vfprintf_P
 .text.avr-libc
                0x00004ff4      0x3ee c:/program files (x86)/atmel/studio/7.0/toolchain/avr8/avr8-gnu-toolchain/bin/../lib/gcc/avr/5.4.0/../../../../avr/lib/avrxmega6\libc.a(vfprintf_std.o)
                0x00004ff4                vfprintf
 .text.avr-libc
                0x000053e2       0x16 c:/program files (x86)/atmel/studio/7.0/toolchain/avr8/avr8-gnu-toolchain/bin/../lib/gcc/avr/5.4.0/../../../../avr/lib/avrxmega6\libc.a(strnlen_P.o)
                0x000053e2                strnlen_P
 .text.avr-libc
                0x000053f8       0x16 c:/program files (x86)/atmel/studio/7.0/toolchain/avr8/avr8-gnu-toolchain/bin/../lib/gcc/avr/5.4.0/../../../../avr/lib/avrxmega6\libc.a(strnlen.o)
                0x000053f8                strnlen
 .text.avr-libc
                0x0000540e       0xbc c:/program files (x86)/atmel/studio/7.0/toolchain/avr8/avr8-gnu-toolchain/bin/../lib/gcc/avr/5.4.0/../../../../avr/lib/avrxmega6\libc.a(ultoa_invert.o)
                0x0000540e                __ultoa_invert
                0x000054ca                . = ALIGN (0x2)
 *(.fini9)
 .fini9         0x000054ca        0x0 c:/program files (x86)/atmel/studio/7.0/toolchain/avr8/avr8-gnu-toolchain/bin/../lib/gcc/avr/5.4.0/avrxmega6\libgcc.a(_exit.o)
                0x000054ca                _exit
                0x000054ca                exit
 *(.fini9)
 *(.fini8)
 *(.fini8)
 *(.fini7)
 *(.fini7)
 *(.fini6)
 *(.fini6)
 *(.fini5)
 *(.fini5)
 *(.fini4)
 *(.fini4)
 *(.fini3)
 *(.fini3)
 *(.fini2)
 *(.fini2)
 *(.fini1)
 *(.fini1)
 *(.fini0)
 .fini0         0x000054ca        0x4 c:/program files (x86)/atmel/studio/7.0/toolchain/avr8/avr8-gnu-toolchain/bin/../lib/gcc/avr/5.4.0/avrxmega6\libgcc.a(_exit.o)
 *(.fini0)
                0x000054ce                _etext = .

.data           0x00802000      0x2a2 load address 0x000054ce
                0x00802000                PROVIDE (__data_start, .)
 *(.data)
 *(.data*)
 .data.udi_api_cdc_data
                0x00802000        0xa src/ASF/common/services/usb/class/cdc/device/udi_cdc.o
                0x00802000                udi_api_cdc_data
 .data.udi_api_cdc_comm
                0x0080200a        0xa src/ASF/common/services/usb/class/cdc/device/udi_cdc.o
                0x0080200a                udi_api_cdc_comm
 .data.udc_config
                0x00802014        0x6 src/ASF/common/services/usb/class/cdc/device/udi_cdc_desc.o
                0x00802014                udc_config
 .data.udc_config_fs
                0x0080201a        0x4 src/ASF/common/services/usb/class/cdc/device/udi_cdc_desc.o
                0x0080201a                udc_config_fs
 .data.udi_apis
                0x0080201e        0x4 src/ASF/common/services/usb/class/cdc/device/udi_cdc_desc.o
                0x0080201e                udi_apis
 .data.udc_desc_fs
                0x00802022       0x44 src/ASF/common/services/usb/class/cdc/device/udi_cdc_desc.o
                0x00802022                udc_desc_fs
 .data.udc_device_desc
                0x00802066       0x12 src/ASF/common/services/usb/class/cdc/device/udi_cdc_desc.o
                0x00802066                udc_device_desc
 .data.udc_string_desc
                0x00802078       0x24 src/ASF/common/services/usb/udc/udc.o
 .data.udc_string_product_name
                0x0080209c        0xf src/ASF/common/services/usb/udc/udc.o
 .data.udc_string_manufacturer_name
                0x008020ab       0x12 src/ASF/common/services/usb/udc/udc.o
 *fill*         0x008020bd        0x1 
 .data.udc_string_desc_languageid
                0x008020be        0x4 src/ASF/common/services/usb/udc/udc.o
 .data.TaskList
                0x008020c2       0x10 src/framework/Tasks.o
                0x008020c2                TaskList
 *(.rodata)
 *(.rodata*)
 .rodata.str1.1
                0x008020d2       0x77 src/ASF/common/services/clock/xmega/sysclk.o
                                 0x78 (size before relaxing)
 .rodata.str1.1
                0x00802149       0x74 src/ASF/common/services/usb/class/cdc/device/udi_cdc.o
                                 0x75 (size before relaxing)
 .rodata.str1.1
                0x008021bd        0x8 src/ASF/common/services/usb/udc/udc.o
 .rodata.str1.1
                0x008021c5       0xdc src/ASF/xmega/drivers/usb/usb_device.o
                                 0xdd (size before relaxing)
 *(.gnu.linkonce.d*)
                0x008022a2                . = ALIGN (0x2)
 *fill*         0x008022a1        0x1 
                0x008022a2                _edata = .
                0x008022a2                PROVIDE (__data_end, .)

.bss            0x008022a2      0x883
                0x008022a2                PROVIDE (__bss_start, .)
 *(.bss)
 *(.bss*)
 .bss.gIsUSBConnected
                0x008022a2        0x1 src/utils/USBUtils.o
                0x008022a2                gIsUSBConnected
 .bss.sof_zlp_counter.5290
                0x008022a3        0x2 src/ASF/common/services/usb/class/cdc/device/udi_cdc.o
 .bss.udi_cdc_tx_both_buf_to_send
                0x008022a5        0x1 src/ASF/common/services/usb/class/cdc/device/udi_cdc.o
 .bss.udi_cdc_tx_trans_ongoing
                0x008022a6        0x1 src/ASF/common/services/usb/class/cdc/device/udi_cdc.o
 .bss.udi_cdc_tx_sof_num
                0x008022a7        0x2 src/ASF/common/services/usb/class/cdc/device/udi_cdc.o
 .bss.udi_cdc_tx_buf_sel
                0x008022a9        0x1 src/ASF/common/services/usb/class/cdc/device/udi_cdc.o
 .bss.udi_cdc_tx_buf_nb
                0x008022aa        0x4 src/ASF/common/services/usb/class/cdc/device/udi_cdc.o
 .bss.udi_cdc_tx_buf
                0x008022ae       0x80 src/ASF/common/services/usb/class/cdc/device/udi_cdc.o
 .bss.udi_cdc_rx_trans_ongoing
                0x0080232e        0x1 src/ASF/common/services/usb/class/cdc/device/udi_cdc.o
 .bss.udi_cdc_rx_pos
                0x0080232f        0x2 src/ASF/common/services/usb/class/cdc/device/udi_cdc.o
 .bss.udi_cdc_rx_buf_sel
                0x00802331        0x1 src/ASF/common/services/usb/class/cdc/device/udi_cdc.o
 .bss.udi_cdc_rx_buf_nb
                0x00802332        0x4 src/ASF/common/services/usb/class/cdc/device/udi_cdc.o
 .bss.udi_cdc_rx_buf
                0x00802336       0x80 src/ASF/common/services/usb/class/cdc/device/udi_cdc.o
 .bss.udi_cdc_data_running
                0x008023b6        0x1 src/ASF/common/services/usb/class/cdc/device/udi_cdc.o
 .bss.udi_cdc_nb_data_enabled
                0x008023b7        0x1 src/ASF/common/services/usb/class/cdc/device/udi_cdc.o
 .bss.udi_cdc_nb_comm_enabled
                0x008023b8        0x1 src/ASF/common/services/usb/class/cdc/device/udi_cdc.o
 *fill*         0x008023b9        0x1 
 .bss.uid_cdc_state_msg
                0x008023ba        0xa src/ASF/common/services/usb/class/cdc/device/udi_cdc.o
 .bss.udi_cdc_state
                0x008023c4        0x2 src/ASF/common/services/usb/class/cdc/device/udi_cdc.o
 .bss.udi_cdc_line_coding
                0x008023c6        0x8 src/ASF/common/services/usb/class/cdc/device/udi_cdc.o
 .bss.udc_ep_status.4980
                0x008023ce        0x2 src/ASF/common/services/usb/udc/udc.o
 .bss.udc_ptr_iface
                0x008023d0        0x2 src/ASF/common/services/usb/udc/udc.o
 .bss.udc_ptr_conf
                0x008023d2        0x2 src/ASF/common/services/usb/udc/udc.o
 .bss.udc_num_configuration
                0x008023d4        0x2 src/ASF/common/services/usb/udc/udc.o
 .bss.udc_iface_setting
                0x008023d6        0x2 src/ASF/common/services/usb/udc/udc.o
 .bss.udc_device_status
                0x008023d8        0x2 src/ASF/common/services/usb/udc/udc.o
 .bss.test_case_ptr
                0x008023da        0x2 src/ASF/common/utils/unit_test/suite.o
                0x008023da                test_case_ptr
 .bss.test_failure_jmpbuf
                0x008023dc       0x18 src/ASF/common/utils/unit_test/suite.o
 .bss.tc_tcf0_ccd_callback
                0x008023f4        0x2 src/ASF/xmega/drivers/tc/tc.o
 .bss.tc_tcf0_ccc_callback
                0x008023f6        0x2 src/ASF/xmega/drivers/tc/tc.o
 .bss.tc_tcf0_ccb_callback
                0x008023f8        0x2 src/ASF/xmega/drivers/tc/tc.o
 .bss.tc_tcf0_cca_callback
                0x008023fa        0x2 src/ASF/xmega/drivers/tc/tc.o
 .bss.tc_tcf0_err_callback
                0x008023fc        0x2 src/ASF/xmega/drivers/tc/tc.o
 .bss.tc_tcf0_ovf_callback
                0x008023fe        0x2 src/ASF/xmega/drivers/tc/tc.o
 .bss.tc_tce1_ccb_callback
                0x00802400        0x2 src/ASF/xmega/drivers/tc/tc.o
 .bss.tc_tce1_cca_callback
                0x00802402        0x2 src/ASF/xmega/drivers/tc/tc.o
 .bss.tc_tce1_err_callback
                0x00802404        0x2 src/ASF/xmega/drivers/tc/tc.o
 .bss.tc_tce1_ovf_callback
                0x00802406        0x2 src/ASF/xmega/drivers/tc/tc.o
 .bss.tc_tce0_ccd_callback
                0x00802408        0x2 src/ASF/xmega/drivers/tc/tc.o
 .bss.tc_tce0_ccc_callback
                0x0080240a        0x2 src/ASF/xmega/drivers/tc/tc.o
 .bss.tc_tce0_ccb_callback
                0x0080240c        0x2 src/ASF/xmega/drivers/tc/tc.o
 .bss.tc_tce0_cca_callback
                0x0080240e        0x2 src/ASF/xmega/drivers/tc/tc.o
 .bss.tc_tce0_err_callback
                0x00802410        0x2 src/ASF/xmega/drivers/tc/tc.o
 .bss.tc_tce0_ovf_callback
                0x00802412        0x2 src/ASF/xmega/drivers/tc/tc.o
 .bss.tc_tcd1_ccb_callback
                0x00802414        0x2 src/ASF/xmega/drivers/tc/tc.o
 .bss.tc_tcd1_cca_callback
                0x00802416        0x2 src/ASF/xmega/drivers/tc/tc.o
 .bss.tc_tcd1_err_callback
                0x00802418        0x2 src/ASF/xmega/drivers/tc/tc.o
 .bss.tc_tcd1_ovf_callback
                0x0080241a        0x2 src/ASF/xmega/drivers/tc/tc.o
 .bss.tc_tcd0_ccd_callback
                0x0080241c        0x2 src/ASF/xmega/drivers/tc/tc.o
 .bss.tc_tcd0_ccc_callback
                0x0080241e        0x2 src/ASF/xmega/drivers/tc/tc.o
 .bss.tc_tcd0_ccb_callback
                0x00802420        0x2 src/ASF/xmega/drivers/tc/tc.o
 .bss.tc_tcd0_cca_callback
                0x00802422        0x2 src/ASF/xmega/drivers/tc/tc.o
 .bss.tc_tcd0_err_callback
                0x00802424        0x2 src/ASF/xmega/drivers/tc/tc.o
 .bss.tc_tcd0_ovf_callback
                0x00802426        0x2 src/ASF/xmega/drivers/tc/tc.o
 .bss.tc_tcc1_ccb_callback
                0x00802428        0x2 src/ASF/xmega/drivers/tc/tc.o
 .bss.tc_tcc1_cca_callback
                0x0080242a        0x2 src/ASF/xmega/drivers/tc/tc.o
 .bss.tc_tcc1_err_callback
                0x0080242c        0x2 src/ASF/xmega/drivers/tc/tc.o
 .bss.tc_tcc1_ovf_callback
                0x0080242e        0x2 src/ASF/xmega/drivers/tc/tc.o
 .bss.tc_tcc0_ccd_callback
                0x00802430        0x2 src/ASF/xmega/drivers/tc/tc.o
 .bss.tc_tcc0_ccc_callback
                0x00802432        0x2 src/ASF/xmega/drivers/tc/tc.o
 .bss.tc_tcc0_ccb_callback
                0x00802434        0x2 src/ASF/xmega/drivers/tc/tc.o
 .bss.tc_tcc0_cca_callback
                0x00802436        0x2 src/ASF/xmega/drivers/tc/tc.o
 .bss.tc_tcc0_err_callback
                0x00802438        0x2 src/ASF/xmega/drivers/tc/tc.o
 .bss.tc_tcc0_ovf_callback
                0x0080243a        0x2 src/ASF/xmega/drivers/tc/tc.o
 .bss.transfer  0x0080243c        0xb src/ASF/xmega/drivers/twi/twim.o
 .bss.b_shortpacket.5894
                0x00802447        0x1 src/ASF/xmega/drivers/usb/usb_device.o
 .bss.udd_ep_out_cache_buffer
                0x00802448       0x80 src/ASF/xmega/drivers/usb/usb_device.o
 .bss.udd_ep_job
                0x008024c8       0x24 src/ASF/xmega/drivers/usb/usb_device.o
 .bss.udd_ctrl_buffer
                0x008024ec       0x40 src/ASF/xmega/drivers/usb/usb_device.o
 .bss.udd_ctrl_payload_nb_trans
                0x0080252c        0x2 src/ASF/xmega/drivers/usb/usb_device.o
 .bss.udd_ctrl_prev_payload_nb_trans
                0x0080252e        0x2 src/ASF/xmega/drivers/usb/usb_device.o
 .bss.udd_ep_control_state
                0x00802530        0x1 src/ASF/xmega/drivers/usb/usb_device.o
 *fill*         0x00802531        0x3 
 .bss.udd_sram  0x00802534       0x40 src/ASF/xmega/drivers/usb/usb_device.o
 .bss.udd_b_idle
                0x00802574        0x1 src/ASF/xmega/drivers/usb/usb_device.o
 .bss.i.6859    0x00802575        0x1 src/framework/Scheduler.o
 .bss.prevTimeCount.6861
                0x00802576        0x4 src/framework/Scheduler.o
 .bss.timeCount.6860
                0x0080257a        0x4 src/framework/Scheduler.o
 .bss.numTasks  0x0080257e        0x1 src/framework/Scheduler.o
 .bss.taskArry  0x0080257f        0x2 src/framework/Scheduler.o
 .bss.timerCount
                0x00802581        0x4 src/framework/Timer.o
 .bss.funcArryIdx.4563
                0x00802585        0x1 src/tasks/Background.o
 .bss.numBackgroundFunc
                0x00802586        0x1 src/tasks/Background.o
 .bss.backgroundFuncArry
                0x00802587       0x28 src/tasks/Background.o
 .bss.currMasterIdx.6917
                0x008025af        0x1 src/tasks/Spi_bg_task.o
 *(COMMON)
 COMMON         0x008025b0       0xcf src/utils/USBUtils.o
                0x008025b0                gUSBMsgBuf
                0x00802678                gUSBConnectTime
                0x0080267c                gUsbUtilsState
                0x0080267d                gUSBUtilsMessageState
                0x0080267e                gIsUSBActive
 COMMON         0x0080267f        0x6 src/ASF/common/services/sleepmgr/xmega/sleepmgr.o
                0x0080267f                sleepmgr_locks
 COMMON         0x00802685        0x8 src/ASF/xmega/drivers/dma/dma.o
                0x00802685                dma_data
 COMMON         0x0080268d       0x10 src/ASF/xmega/drivers/usb/usb_device.o
                0x0080268d                udd_g_ctrlreq
 COMMON         0x0080269d       0x4f src/drivers/ms5607-02ba03.o
                0x0080269d                gAltimeterControl
 COMMON         0x008026ec      0x2c3 src/drivers/n25q_512.o
                0x008026ec                gExtflashControl
                0x008028fe                extflashSpiMaster
 COMMON         0x008029af       0xb1 src/tasks/RadioTask.o
                0x008029af                radioSpiMaster
 COMMON         0x00802a60       0xb9 src/tasks/SensorTask.o
                0x00802a60                gCurrSensorValues
                0x00802a68                sensorSpiMaster
 COMMON         0x00802b19        0x6 src/tasks/Spi_bg_task.o
                0x00802b19                gSpiMasters
 COMMON         0x00802b1f        0x6 c:/program files (x86)/atmel/studio/7.0/toolchain/avr8/avr8-gnu-toolchain/bin/../lib/gcc/avr/5.4.0/../../../../avr/lib/avrxmega6\libc.a(iob.o)
                0x00802b1f                __iob
                0x00802b25                PROVIDE (__bss_end, .)
                0x000054ce                __data_load_start = LOADADDR (.data)
                0x00005770                __data_load_end = (__data_load_start + SIZEOF (.data))

.noinit         0x00802b25        0x0
                [!provide]                PROVIDE (__noinit_start, .)
 *(.noinit*)
                [!provide]                PROVIDE (__noinit_end, .)
                0x00802b25                _end = .
                [!provide]                PROVIDE (__heap_start, .)

.eeprom         0x00810000        0x0
 *(.eeprom*)
                0x00810000                __eeprom_end = .

.fuse
 *(.fuse)
 *(.lfuse)
 *(.hfuse)
 *(.efuse)

.lock
 *(.lock*)

.signature
 *(.signature*)

.user_signatures
 *(.user_signatures*)

.stab
 *(.stab)

.stabstr
 *(.stabstr)

.stab.excl
 *(.stab.excl)

.stab.exclstr
 *(.stab.exclstr)

.stab.index
 *(.stab.index)

.stab.indexstr
 *(.stab.indexstr)

.comment        0x00000000       0x5c
 *(.comment)
 .comment       0x00000000       0x30 src/ASF/common/boards/user_board/init.o
                                 0x31 (size before relaxing)
 .comment       0x00000030       0x31 src/utils/USBUtils.o
 .comment       0x00000030       0x31 src/ASF/common/services/clock/xmega/sysclk.o
 .comment       0x00000030       0x31 src/ASF/common/services/sleepmgr/xmega/sleepmgr.o
 .comment       0x00000030       0x31 src/ASF/common/services/usb/class/cdc/device/udi_cdc.o
 .comment       0x00000030       0x31 src/ASF/common/services/usb/class/cdc/device/udi_cdc_desc.o
 .comment       0x00000030       0x31 src/ASF/common/services/usb/udc/udc.o
 .comment       0x00000030       0x31 src/ASF/common/utils/unit_test/suite.o
 .comment       0x00000030       0x31 src/ASF/xmega/drivers/dma/dma.o
 .comment       0x00000030       0x31 src/ASF/xmega/drivers/tc/tc.o
 .comment       0x00000030       0x31 src/ASF/xmega/drivers/twi/twim.o
 .comment       0x00000030       0x31 src/ASF/xmega/drivers/usb/usb_device.o
 .comment       0x00000030       0x31 src/drivers/ms5607-02ba03.o
 .comment       0x00000030       0x31 src/drivers/n25q_512.o
 .comment       0x00000030       0x31 src/framework/Scheduler.o
 .comment       0x00000030       0x31 src/framework/Tasks.o
 .comment       0x00000030       0x31 src/framework/Timer.o
 .comment       0x00000030       0x31 src/main.o
 .comment       0x00000030       0x31 src/tasks/Background.o
 .comment       0x00000030       0x31 src/tasks/RadioTask.o
 .comment       0x00000030       0x31 src/tasks/SensorTask.o
 .comment       0x00000030       0x31 src/tasks/Spi_bg_task.o
 .comment       0x00000030       0x31 src/utils/Spi_service.o
 .comment       0x00000030       0x31 c:/program files (x86)/atmel/studio/7.0/toolchain/avr8/avr8-gnu-toolchain/bin/../lib/gcc/avr/5.4.0/../../../../avr/lib/avrxmega6\libc.a(fputc.o)
 .comment       0x00000030       0x31 c:/program files (x86)/atmel/studio/7.0/toolchain/avr8/avr8-gnu-toolchain/bin/../lib/gcc/avr/5.4.0/../../../../avr/lib/avrxmega6\libc.a(iob.o)
 .comment       0x00000030       0x31 c:/program files (x86)/atmel/studio/7.0/toolchain/avr8/avr8-gnu-toolchain/bin/../lib/gcc/avr/5.4.0/../../../../avr/lib/avrxmega6\libc.a(printf_p.o)
 .comment       0x00000030       0x31 c:/program files (x86)/atmel/studio/7.0/toolchain/avr8/avr8-gnu-toolchain/bin/../lib/gcc/avr/5.4.0/../../../../avr/lib/avrxmega6\libc.a(vfprintf_p.o)
 .comment       0x00000030       0x2c c:/program files (x86)/atmel/studio/7.0/toolchain/avr8/avr8-gnu-toolchain/bin/../lib/gcc/avr/5.4.0/../../../../avr/lib/avrxmega6\libc.a(vfprintf_std.o)
                                 0x2d (size before relaxing)

.note.gnu.avr.deviceinfo
                0x00000000       0x40
 .note.gnu.avr.deviceinfo
                0x00000000       0x40 C:/Program Files (x86)/Atmel/Studio/7.0/Packs/atmel/XMEGAA_DFP/1.1.68/gcc/dev/atxmega256a3u/avrxmega6/crtatxmega256a3u.o

.note.gnu.build-id
 *(.note.gnu.build-id)

.debug
 *(.debug)

.line
 *(.line)

.debug_srcinfo
 *(.debug_srcinfo)

.debug_sfnames
 *(.debug_sfnames)

.debug_aranges  0x00000000      0x9e8
 *(.debug_aranges)
 .debug_aranges
                0x00000000       0x20 src/ASF/common/boards/user_board/init.o
 .debug_aranges
                0x00000020       0x68 src/utils/USBUtils.o
 .debug_aranges
                0x00000088       0x40 src/ASF/common/services/clock/xmega/sysclk.o
 .debug_aranges
                0x000000c8       0x18 src/ASF/common/services/sleepmgr/xmega/sleepmgr.o
 .debug_aranges
                0x000000e0      0x180 src/ASF/common/services/usb/class/cdc/device/udi_cdc.o
 .debug_aranges
                0x00000260       0x18 src/ASF/common/services/usb/class/cdc/device/udi_cdc_desc.o
 .debug_aranges
                0x00000278      0x100 src/ASF/common/services/usb/udc/udc.o
 .debug_aranges
                0x00000378       0x40 src/ASF/common/utils/unit_test/suite.o
 .debug_aranges
                0x000003b8       0x20 src/ASF/xmega/drivers/cpu/ccp.o
 .debug_aranges
                0x000003d8       0x68 src/ASF/xmega/drivers/dma/dma.o
 .debug_aranges
                0x00000440      0x178 src/ASF/xmega/drivers/tc/tc.o
 .debug_aranges
                0x000005b8       0x40 src/ASF/xmega/drivers/twi/twim.o
 .debug_aranges
                0x000005f8      0x160 src/ASF/xmega/drivers/usb/usb_device.o
 .debug_aranges
                0x00000758       0x68 src/drivers/ms5607-02ba03.o
 .debug_aranges
                0x000007c0       0x60 src/drivers/n25q_512.o
 .debug_aranges
                0x00000820       0x28 src/framework/Scheduler.o
 .debug_aranges
                0x00000848       0x28 src/framework/Tasks.o
 .debug_aranges
                0x00000870       0x40 src/framework/Timer.o
 .debug_aranges
                0x000008b0       0x20 src/main.o
 .debug_aranges
                0x000008d0       0x30 src/tasks/Background.o
 .debug_aranges
                0x00000900       0x30 src/tasks/RadioTask.o
 .debug_aranges
                0x00000930       0x30 src/tasks/SensorTask.o
 .debug_aranges
                0x00000960       0x28 src/tasks/Spi_bg_task.o
 .debug_aranges
                0x00000988       0x60 src/utils/Spi_service.o

.debug_pubnames
 *(.debug_pubnames)

.debug_info     0x00000000    0x184e8
 *(.debug_info .gnu.linkonce.wi.*)
 .debug_info    0x00000000     0x3409 C:/Program Files (x86)/Atmel/Studio/7.0/Packs/atmel/XMEGAA_DFP/1.1.68/gcc/dev/atxmega256a3u/avrxmega6/crtatxmega256a3u.o
 .debug_info    0x00003409      0x3a5 src/ASF/common/boards/user_board/init.o
 .debug_info    0x000037ae      0xb44 src/utils/USBUtils.o
 .debug_info    0x000042f2      0xa4e src/ASF/common/services/clock/xmega/sysclk.o
 .debug_info    0x00004d40      0x1c1 src/ASF/common/services/sleepmgr/xmega/sleepmgr.o
 .debug_info    0x00004f01     0x1aed src/ASF/common/services/usb/class/cdc/device/udi_cdc.o
 .debug_info    0x000069ee      0x85d src/ASF/common/services/usb/class/cdc/device/udi_cdc_desc.o
 .debug_info    0x0000724b     0x1191 src/ASF/common/services/usb/udc/udc.o
 .debug_info    0x000083dc      0x745 src/ASF/common/utils/unit_test/suite.o
 .debug_info    0x00008b21       0x98 src/ASF/xmega/drivers/cpu/ccp.o
 .debug_info    0x00008bb9      0xae2 src/ASF/xmega/drivers/dma/dma.o
 .debug_info    0x0000969b     0x19cd src/ASF/xmega/drivers/tc/tc.o
 .debug_info    0x0000b068      0x9a1 src/ASF/xmega/drivers/twi/twim.o
 .debug_info    0x0000ba09     0x1ec0 src/ASF/xmega/drivers/usb/usb_device.o
 .debug_info    0x0000d8c9      0xc03 src/drivers/ms5607-02ba03.o
 .debug_info    0x0000e4cc     0x2951 src/drivers/n25q_512.o
 .debug_info    0x00010e1d      0x34b src/framework/Scheduler.o
 .debug_info    0x00011168      0x2d0 src/framework/Tasks.o
 .debug_info    0x00011438      0xcd4 src/framework/Timer.o
 .debug_info    0x0001210c      0xa78 src/main.o
 .debug_info    0x00012b84      0x241 src/tasks/Background.o
 .debug_info    0x00012dc5     0x2193 src/tasks/RadioTask.o
 .debug_info    0x00014f58     0x22a7 src/tasks/SensorTask.o
 .debug_info    0x000171ff      0x655 src/tasks/Spi_bg_task.o
 .debug_info    0x00017854      0xc94 src/utils/Spi_service.o

.debug_abbrev   0x00000000     0x6dc8
 *(.debug_abbrev)
 .debug_abbrev  0x00000000     0x3148 C:/Program Files (x86)/Atmel/Studio/7.0/Packs/atmel/XMEGAA_DFP/1.1.68/gcc/dev/atxmega256a3u/avrxmega6/crtatxmega256a3u.o
 .debug_abbrev  0x00003148      0x16a src/ASF/common/boards/user_board/init.o
 .debug_abbrev  0x000032b2      0x303 src/utils/USBUtils.o
 .debug_abbrev  0x000035b5      0x357 src/ASF/common/services/clock/xmega/sysclk.o
 .debug_abbrev  0x0000390c       0xe9 src/ASF/common/services/sleepmgr/xmega/sleepmgr.o
 .debug_abbrev  0x000039f5      0x3f6 src/ASF/common/services/usb/class/cdc/device/udi_cdc.o
 .debug_abbrev  0x00003deb      0x140 src/ASF/common/services/usb/class/cdc/device/udi_cdc_desc.o
 .debug_abbrev  0x00003f2b      0x339 src/ASF/common/services/usb/udc/udc.o
 .debug_abbrev  0x00004264      0x299 src/ASF/common/utils/unit_test/suite.o
 .debug_abbrev  0x000044fd       0x14 src/ASF/xmega/drivers/cpu/ccp.o
 .debug_abbrev  0x00004511      0x323 src/ASF/xmega/drivers/dma/dma.o
 .debug_abbrev  0x00004834      0x2f7 src/ASF/xmega/drivers/tc/tc.o
 .debug_abbrev  0x00004b2b      0x2e3 src/ASF/xmega/drivers/twi/twim.o
 .debug_abbrev  0x00004e0e      0x567 src/ASF/xmega/drivers/usb/usb_device.o
 .debug_abbrev  0x00005375      0x2bc src/drivers/ms5607-02ba03.o
 .debug_abbrev  0x00005631      0x3cc src/drivers/n25q_512.o
 .debug_abbrev  0x000059fd      0x18c src/framework/Scheduler.o
 .debug_abbrev  0x00005b89      0x13e src/framework/Tasks.o
 .debug_abbrev  0x00005cc7      0x31e src/framework/Timer.o
 .debug_abbrev  0x00005fe5      0x22f src/main.o
 .debug_abbrev  0x00006214      0x15a src/tasks/Background.o
 .debug_abbrev  0x0000636e      0x2f8 src/tasks/RadioTask.o
 .debug_abbrev  0x00006666      0x309 src/tasks/SensorTask.o
 .debug_abbrev  0x0000696f      0x1f1 src/tasks/Spi_bg_task.o
 .debug_abbrev  0x00006b60      0x268 src/utils/Spi_service.o

.debug_line     0x00000000    0x10419
 *(.debug_line .debug_line.* .debug_line_end)
 .debug_line    0x00000000      0x39d C:/Program Files (x86)/Atmel/Studio/7.0/Packs/atmel/XMEGAA_DFP/1.1.68/gcc/dev/atxmega256a3u/avrxmega6/crtatxmega256a3u.o
 .debug_line    0x0000039d      0xbc7 src/ASF/common/boards/user_board/init.o
 .debug_line    0x00000f64      0xcf1 src/utils/USBUtils.o
 .debug_line    0x00001c55      0x7a4 src/ASF/common/services/clock/xmega/sysclk.o
 .debug_line    0x000023f9      0x49a src/ASF/common/services/sleepmgr/xmega/sleepmgr.o
 .debug_line    0x00002893     0x1096 src/ASF/common/services/usb/class/cdc/device/udi_cdc.o
 .debug_line    0x00003929      0x50b src/ASF/common/services/usb/class/cdc/device/udi_cdc_desc.o
 .debug_line    0x00003e34      0xd33 src/ASF/common/services/usb/udc/udc.o
 .debug_line    0x00004b67      0x58c src/ASF/common/utils/unit_test/suite.o
 .debug_line    0x000050f3       0x6e src/ASF/xmega/drivers/cpu/ccp.o
 .debug_line    0x00005161      0x99f src/ASF/xmega/drivers/dma/dma.o
 .debug_line    0x00005b00      0xf14 src/ASF/xmega/drivers/tc/tc.o
 .debug_line    0x00006a14      0x691 src/ASF/xmega/drivers/twi/twim.o
 .debug_line    0x000070a5     0x198d src/ASF/xmega/drivers/usb/usb_device.o
 .debug_line    0x00008a32      0xd5f src/drivers/ms5607-02ba03.o
 .debug_line    0x00009791      0xdbc src/drivers/n25q_512.o
 .debug_line    0x0000a54d      0xac3 src/framework/Scheduler.o
 .debug_line    0x0000b010      0xacf src/framework/Tasks.o
 .debug_line    0x0000badf      0xbe3 src/framework/Timer.o
 .debug_line    0x0000c6c2      0xa7e src/main.o
 .debug_line    0x0000d140      0x4b1 src/tasks/Background.o
 .debug_line    0x0000d5f1      0xadb src/tasks/RadioTask.o
 .debug_line    0x0000e0cc      0xb48 src/tasks/SensorTask.o
 .debug_line    0x0000ec14      0xad2 src/tasks/Spi_bg_task.o
 .debug_line    0x0000f6e6      0xd33 src/utils/Spi_service.o

.debug_frame    0x00000000     0x2d18
 *(.debug_frame)
 .debug_frame   0x00000000       0x48 src/ASF/common/boards/user_board/init.o
 .debug_frame   0x00000048      0x14c src/utils/USBUtils.o
 .debug_frame   0x00000194       0xac src/ASF/common/services/clock/xmega/sysclk.o
 .debug_frame   0x00000240      0x4d4 src/ASF/common/services/usb/class/cdc/device/udi_cdc.o
 .debug_frame   0x00000714      0x29c src/ASF/common/services/usb/udc/udc.o
 .debug_frame   0x000009b0      0x138 src/ASF/common/utils/unit_test/suite.o
 .debug_frame   0x00000ae8      0x214 src/ASF/xmega/drivers/dma/dma.o
 .debug_frame   0x00000cfc      0xd24 src/ASF/xmega/drivers/tc/tc.o
 .debug_frame   0x00001a20      0x11c src/ASF/xmega/drivers/twi/twim.o
 .debug_frame   0x00001b3c      0x91c src/ASF/xmega/drivers/usb/usb_device.o
 .debug_frame   0x00002458      0x1e4 src/drivers/ms5607-02ba03.o
 .debug_frame   0x0000263c      0x218 src/drivers/n25q_512.o
 .debug_frame   0x00002854       0x34 src/framework/Scheduler.o
 .debug_frame   0x00002888       0x34 src/framework/Tasks.o
 .debug_frame   0x000028bc       0xc8 src/framework/Timer.o
 .debug_frame   0x00002984       0x24 src/main.o
 .debug_frame   0x000029a8       0x44 src/tasks/Background.o
 .debug_frame   0x000029ec       0x8c src/tasks/RadioTask.o
 .debug_frame   0x00002a78       0x8c src/tasks/SensorTask.o
 .debug_frame   0x00002b04       0x44 src/tasks/Spi_bg_task.o
 .debug_frame   0x00002b48      0x1d0 src/utils/Spi_service.o

.debug_str      0x00000000    0x39c85
 *(.debug_str)
 .debug_str     0x00000000     0x223b C:/Program Files (x86)/Atmel/Studio/7.0/Packs/atmel/XMEGAA_DFP/1.1.68/gcc/dev/atxmega256a3u/avrxmega6/crtatxmega256a3u.o
 .debug_str     0x0000223b    0x2f3cb src/ASF/common/boards/user_board/init.o
                              0x2fac8 (size before relaxing)
 .debug_str     0x00031606      0x5f3 src/utils/USBUtils.o
                              0x300b5 (size before relaxing)
 .debug_str     0x00031bf9      0x3a8 src/ASF/common/services/clock/xmega/sysclk.o
                              0x2aef4 (size before relaxing)
 .debug_str     0x00031fa1       0x96 src/ASF/common/services/sleepmgr/xmega/sleepmgr.o
                              0x29480 (size before relaxing)
 .debug_str     0x00032037      0xd44 src/ASF/common/services/usb/class/cdc/device/udi_cdc.o
                              0x2dbf8 (size before relaxing)
 .debug_str     0x00032d7b      0x5e8 src/ASF/common/services/usb/class/cdc/device/udi_cdc_desc.o
                              0x2d208 (size before relaxing)
 .debug_str     0x00033363      0x7f3 src/ASF/common/services/usb/udc/udc.o
                              0x2c38d (size before relaxing)
 .debug_str     0x00033b56      0x143 src/ASF/common/utils/unit_test/suite.o
                              0x29257 (size before relaxing)
 .debug_str     0x00033c99      0x3a6 src/ASF/xmega/drivers/dma/dma.o
                              0x2b442 (size before relaxing)
 .debug_str     0x0003403f      0x92d src/ASF/xmega/drivers/tc/tc.o
                              0x2b84d (size before relaxing)
 .debug_str     0x0003496c      0x45a src/ASF/xmega/drivers/twi/twim.o
                              0x2975b (size before relaxing)
 .debug_str     0x00034dc6     0x38cf src/ASF/xmega/drivers/usb/usb_device.o
                              0x31490 (size before relaxing)
 .debug_str     0x00038695      0x699 src/drivers/ms5607-02ba03.o
                              0x30019 (size before relaxing)
 .debug_str     0x00038d2e      0x71b src/drivers/n25q_512.o
                              0x3093c (size before relaxing)
 .debug_str     0x00039449      0x133 src/framework/Scheduler.o
                              0x2f7fb (size before relaxing)
 .debug_str     0x0003957c       0x52 src/framework/Tasks.o
                              0x2f8f8 (size before relaxing)
 .debug_str     0x000395ce      0x17a src/framework/Timer.o
                              0x2fb7e (size before relaxing)
 .debug_str     0x00039748      0x1b9 src/main.o
                              0x2fc38 (size before relaxing)
 .debug_str     0x00039901       0xcd src/tasks/Background.o
                              0x291ab (size before relaxing)
 .debug_str     0x000399ce       0x54 src/tasks/RadioTask.o
                              0x304e5 (size before relaxing)
 .debug_str     0x00039a22       0x65 src/tasks/SensorTask.o
                              0x30633 (size before relaxing)
 .debug_str     0x00039a87       0x77 src/tasks/Spi_bg_task.o
                              0x2fa4a (size before relaxing)
 .debug_str     0x00039afe      0x187 src/utils/Spi_service.o
                              0x2fc24 (size before relaxing)

.debug_loc      0x00000000     0x9353
 *(.debug_loc)
 .debug_loc     0x00000000       0x70 src/ASF/common/boards/user_board/init.o
 .debug_loc     0x00000070      0x5c1 src/utils/USBUtils.o
 .debug_loc     0x00000631      0x2b3 src/ASF/common/services/clock/xmega/sysclk.o
 .debug_loc     0x000008e4     0x13e3 src/ASF/common/services/usb/class/cdc/device/udi_cdc.o
 .debug_loc     0x00001cc7      0x721 src/ASF/common/services/usb/udc/udc.o
 .debug_loc     0x000023e8      0x650 src/ASF/common/utils/unit_test/suite.o
 .debug_loc     0x00002a38      0x5b7 src/ASF/xmega/drivers/dma/dma.o
 .debug_loc     0x00002fef     0x1df6 src/ASF/xmega/drivers/tc/tc.o
 .debug_loc     0x00004de5      0x41b src/ASF/xmega/drivers/twi/twim.o
 .debug_loc     0x00005200     0x1d86 src/ASF/xmega/drivers/usb/usb_device.o
 .debug_loc     0x00006f86      0x4fe src/drivers/ms5607-02ba03.o
 .debug_loc     0x00007484      0xc67 src/drivers/n25q_512.o
 .debug_loc     0x000080eb      0x2b2 src/framework/Timer.o
 .debug_loc     0x0000839d       0x2a src/main.o
 .debug_loc     0x000083c7       0xad src/tasks/Background.o
 .debug_loc     0x00008474       0xe1 src/tasks/RadioTask.o
 .debug_loc     0x00008555       0xf4 src/tasks/SensorTask.o
 .debug_loc     0x00008649       0xba src/tasks/Spi_bg_task.o
 .debug_loc     0x00008703      0xc50 src/utils/Spi_service.o

.debug_macinfo
 *(.debug_macinfo)

.debug_weaknames
 *(.debug_weaknames)

.debug_funcnames
 *(.debug_funcnames)

.debug_typenames
 *(.debug_typenames)

.debug_varnames
 *(.debug_varnames)

.debug_pubtypes
 *(.debug_pubtypes)

.debug_ranges   0x00000000      0x848
 *(.debug_ranges)
 .debug_ranges  0x00000000       0x10 src/ASF/common/boards/user_board/init.o
 .debug_ranges  0x00000010       0x58 src/utils/USBUtils.o
 .debug_ranges  0x00000068       0x30 src/ASF/common/services/clock/xmega/sysclk.o
 .debug_ranges  0x00000098      0x170 src/ASF/common/services/usb/class/cdc/device/udi_cdc.o
 .debug_ranges  0x00000208       0xf0 src/ASF/common/services/usb/udc/udc.o
 .debug_ranges  0x000002f8       0x30 src/ASF/common/utils/unit_test/suite.o
 .debug_ranges  0x00000328       0x58 src/ASF/xmega/drivers/dma/dma.o
 .debug_ranges  0x00000380      0x168 src/ASF/xmega/drivers/tc/tc.o
 .debug_ranges  0x000004e8       0x30 src/ASF/xmega/drivers/twi/twim.o
 .debug_ranges  0x00000518      0x150 src/ASF/xmega/drivers/usb/usb_device.o
 .debug_ranges  0x00000668       0x58 src/drivers/ms5607-02ba03.o
 .debug_ranges  0x000006c0       0x50 src/drivers/n25q_512.o
 .debug_ranges  0x00000710       0x18 src/framework/Scheduler.o
 .debug_ranges  0x00000728       0x18 src/framework/Tasks.o
 .debug_ranges  0x00000740       0x30 src/framework/Timer.o
 .debug_ranges  0x00000770       0x10 src/main.o
 .debug_ranges  0x00000780       0x20 src/tasks/Background.o
 .debug_ranges  0x000007a0       0x20 src/tasks/RadioTask.o
 .debug_ranges  0x000007c0       0x20 src/tasks/SensorTask.o
 .debug_ranges  0x000007e0       0x18 src/tasks/Spi_bg_task.o
 .debug_ranges  0x000007f8       0x50 src/utils/Spi_service.o

.debug_macro    0x00000000     0xf1b0
 *(.debug_macro)
 .debug_macro   0x00000000      0x446 src/ASF/common/boards/user_board/init.o
 .debug_macro   0x00000446      0xa9c src/ASF/common/boards/user_board/init.o
 .debug_macro   0x00000ee2       0x10 src/ASF/common/boards/user_board/init.o
 .debug_macro   0x00000ef2      0x1c9 src/ASF/common/boards/user_board/init.o
 .debug_macro   0x000010bb      0x2fc src/ASF/common/boards/user_board/init.o
 .debug_macro   0x000013b7       0x9e src/ASF/common/boards/user_board/init.o
 .debug_macro   0x00001455     0x62da src/ASF/common/boards/user_board/init.o
 .debug_macro   0x0000772f       0x9a src/ASF/common/boards/user_board/init.o
 .debug_macro   0x000077c9       0xf1 src/ASF/common/boards/user_board/init.o
 .debug_macro   0x000078ba       0x34 src/ASF/common/boards/user_board/init.o
 .debug_macro   0x000078ee       0x16 src/ASF/common/boards/user_board/init.o
 .debug_macro   0x00007904       0x18 src/ASF/common/boards/user_board/init.o
 .debug_macro   0x0000791c       0x5e src/ASF/common/boards/user_board/init.o
 .debug_macro   0x0000797a       0x10 src/ASF/common/boards/user_board/init.o
 .debug_macro   0x0000798a       0x22 src/ASF/common/boards/user_board/init.o
 .debug_macro   0x000079ac      0x16d src/ASF/common/boards/user_board/init.o
 .debug_macro   0x00007b19       0x1c src/ASF/common/boards/user_board/init.o
 .debug_macro   0x00007b35       0x35 src/ASF/common/boards/user_board/init.o
 .debug_macro   0x00007b6a       0x66 src/ASF/common/boards/user_board/init.o
 .debug_macro   0x00007bd0      0x652 src/ASF/common/boards/user_board/init.o
 .debug_macro   0x00008222       0x97 src/ASF/common/boards/user_board/init.o
 .debug_macro   0x000082b9       0x17 src/ASF/common/boards/user_board/init.o
 .debug_macro   0x000082d0       0x3c src/ASF/common/boards/user_board/init.o
 .debug_macro   0x0000830c       0x58 src/ASF/common/boards/user_board/init.o
 .debug_macro   0x00008364       0x10 src/ASF/common/boards/user_board/init.o
 .debug_macro   0x00008374       0xf2 src/ASF/common/boards/user_board/init.o
 .debug_macro   0x00008466       0x10 src/ASF/common/boards/user_board/init.o
 .debug_macro   0x00008476      0x175 src/ASF/common/boards/user_board/init.o
 .debug_macro   0x000085eb       0x40 src/ASF/common/boards/user_board/init.o
 .debug_macro   0x0000862b       0x66 src/ASF/common/boards/user_board/init.o
 .debug_macro   0x00008691      0x211 src/ASF/common/boards/user_board/init.o
 .debug_macro   0x000088a2       0x76 src/ASF/common/boards/user_board/init.o
 .debug_macro   0x00008918       0x16 src/ASF/common/boards/user_board/init.o
 .debug_macro   0x0000892e      0x6e3 src/ASF/common/boards/user_board/init.o
 .debug_macro   0x00009011       0x69 src/ASF/common/boards/user_board/init.o
 .debug_macro   0x0000907a       0x32 src/ASF/common/boards/user_board/init.o
 .debug_macro   0x000090ac       0xe4 src/ASF/common/boards/user_board/init.o
 .debug_macro   0x00009190       0x34 src/ASF/common/boards/user_board/init.o
 .debug_macro   0x000091c4      0x1cc src/ASF/common/boards/user_board/init.o
 .debug_macro   0x00009390       0x16 src/ASF/common/boards/user_board/init.o
 .debug_macro   0x000093a6       0x10 src/ASF/common/boards/user_board/init.o
 .debug_macro   0x000093b6       0x82 src/ASF/common/boards/user_board/init.o
 .debug_macro   0x00009438      0x109 src/ASF/common/boards/user_board/init.o
 .debug_macro   0x00009541       0x40 src/ASF/common/boards/user_board/init.o
 .debug_macro   0x00009581      0x2bf src/ASF/common/boards/user_board/init.o
 .debug_macro   0x00009840       0x26 src/ASF/common/boards/user_board/init.o
 .debug_macro   0x00009866       0x42 src/ASF/common/boards/user_board/init.o
 .debug_macro   0x000098a8       0x10 src/ASF/common/boards/user_board/init.o
 .debug_macro   0x000098b8       0x22 src/ASF/common/boards/user_board/init.o
 .debug_macro   0x000098da       0x68 src/ASF/common/boards/user_board/init.o
 .debug_macro   0x00009942       0x2f src/ASF/common/boards/user_board/init.o
 .debug_macro   0x00009971      0x154 src/ASF/common/boards/user_board/init.o
 .debug_macro   0x00009ac5       0x18 src/ASF/common/boards/user_board/init.o
 .debug_macro   0x00009add       0x16 src/ASF/common/boards/user_board/init.o
 .debug_macro   0x00009af3       0x22 src/ASF/common/boards/user_board/init.o
 .debug_macro   0x00009b15       0x10 src/ASF/common/boards/user_board/init.o
 .debug_macro   0x00009b25       0x3a src/ASF/common/boards/user_board/init.o
 .debug_macro   0x00009b5f      0x228 src/ASF/common/boards/user_board/init.o
 .debug_macro   0x00009d87       0x99 src/ASF/common/boards/user_board/init.o
 .debug_macro   0x00009e20       0xf0 src/ASF/common/boards/user_board/init.o
 .debug_macro   0x00009f10      0x24b src/ASF/common/boards/user_board/init.o
 .debug_macro   0x0000a15b      0x162 src/ASF/common/boards/user_board/init.o
 .debug_macro   0x0000a2bd       0x16 src/ASF/common/boards/user_board/init.o
 .debug_macro   0x0000a2d3       0x1c src/ASF/common/boards/user_board/init.o
 .debug_macro   0x0000a2ef      0x192 src/ASF/common/boards/user_board/init.o
 .debug_macro   0x0000a481       0x10 src/ASF/common/boards/user_board/init.o
 .debug_macro   0x0000a491       0x18 src/ASF/common/boards/user_board/init.o
 .debug_macro   0x0000a4a9       0x10 src/ASF/common/boards/user_board/init.o
 .debug_macro   0x0000a4b9       0x1c src/ASF/common/boards/user_board/init.o
 .debug_macro   0x0000a4d5       0x48 src/ASF/common/boards/user_board/init.o
 .debug_macro   0x0000a51d      0x44e src/utils/USBUtils.o
 .debug_macro   0x0000a96b      0x224 src/ASF/common/services/clock/xmega/sysclk.o
 .debug_macro   0x0000ab8f      0x1e2 src/ASF/common/services/sleepmgr/xmega/sleepmgr.o
 .debug_macro   0x0000ad71      0x2d8 src/ASF/common/services/usb/class/cdc/device/udi_cdc.o
 .debug_macro   0x0000b049       0x93 src/ASF/common/services/usb/class/cdc/device/udi_cdc.o
 .debug_macro   0x0000b0dc      0x249 src/ASF/common/services/usb/class/cdc/device/udi_cdc_desc.o
 .debug_macro   0x0000b325      0x235 src/ASF/common/services/usb/udc/udc.o
 .debug_macro   0x0000b55a      0x1b9 src/ASF/common/utils/unit_test/suite.o
 .debug_macro   0x0000b713       0x10 src/ASF/common/utils/unit_test/suite.o
 .debug_macro   0x0000b723      0x2b5 src/ASF/xmega/drivers/dma/dma.o
 .debug_macro   0x0000b9d8      0x272 src/ASF/xmega/drivers/tc/tc.o
 .debug_macro   0x0000bc4a       0x12 src/ASF/xmega/drivers/tc/tc.o
 .debug_macro   0x0000bc5c      0x1d7 src/ASF/xmega/drivers/twi/twim.o
 .debug_macro   0x0000be33      0x308 src/ASF/xmega/drivers/usb/usb_device.o
 .debug_macro   0x0000c13b      0x46a src/ASF/xmega/drivers/usb/usb_device.o
 .debug_macro   0x0000c5a5      0x480 src/drivers/ms5607-02ba03.o
 .debug_macro   0x0000ca25      0x4b1 src/drivers/n25q_512.o
 .debug_macro   0x0000ced6       0x10 src/drivers/n25q_512.o
 .debug_macro   0x0000cee6       0x16 src/drivers/n25q_512.o
 .debug_macro   0x0000cefc       0x10 src/drivers/n25q_512.o
 .debug_macro   0x0000cf0c      0x409 src/framework/Scheduler.o
 .debug_macro   0x0000d315      0x43f src/framework/Tasks.o
 .debug_macro   0x0000d754       0x1e src/framework/Tasks.o
 .debug_macro   0x0000d772      0x401 src/framework/Timer.o
 .debug_macro   0x0000db73      0x3f8 src/main.o
 .debug_macro   0x0000df6b      0x1bc src/tasks/Background.o
 .debug_macro   0x0000e127      0x422 src/tasks/RadioTask.o
 .debug_macro   0x0000e549      0x453 src/tasks/SensorTask.o
 .debug_macro   0x0000e99c      0x411 src/tasks/Spi_bg_task.o
 .debug_macro   0x0000edad      0x403 src/utils/Spi_service.o
OUTPUT(karman-avionics.elf elf32-avr)
LOAD linker stubs
